{"logTime": "0701/235930", "correlationVector":"h/vTbVWk1eo3Z0jpgY13t8.1","action":"SyncServerConnectionManagerRequest", "result":"SYNC_SERVER_OK", "context":{"environment":"Prod_centralus_prod-s01-068-nam-centralus", "migrationStage":"NotStarted", "server":"akswtt00900002i"}}
{"logTime": "0701/235930", "correlationVector":"h/vTbVWk1eo3Z0jpgY13t8.2","action":"ProcessGetUpdates", "result":"Done", "context":{"dataType":"Encryption Keys", "deleted":"0", "process_failed_to_decrypt":"0", "process_pending_decryption":"0", "process_success":"1", "total":"1"}}
{"logTime": "0701/235931", "correlationVector":"6CHt24cUXImnboKVZUMw9i","action":"SyncServerConnectionManagerRequest", "result":"SYNC_SERVER_OK", "context":{"environment":"", "migrationStage":"", "server":""}}
{"logTime": "0701/235931", "correlationVector":"6CHt24cUXImnboKVZUMw9i.0","action":"EncryptionKeysFetcher.DownloadKeys:", "result":"Success", "context":Key count: 9, Last key timestamp: 2025-01-21T20:09:03Z}
{"logTime": "0701/235931", "correlationVector":"6CHt24cUXImnboKVZUMw9i.1","action":"EncryptionKeysManager::SetEncryptionKeys:", "result":"Success", "context":Key names[9]:[4+2CwWpaiLFLxVWPwQYrvt39/pPVv/SMTJEwwbnDMCSXg8ADbmGzDQACNNfVdEgTj2pvAqeYT97M25ANjvxjww==][+ZZTZVql32BTXinsg78zCkzbWNcfR3zAls1Mc8FG7f6QxkiGYlKP5RGBxgSZWYfG2nGVZKpvXrSISYPgG3Sedw==][a0IlSzKYnhQ7juuRxd+XXqeH7K1XQCQERFC50/IF97prGa9KDm+ilr8H05WJQt0MIuNtXXTP1FI1z9F+PSoplA==][7M3UpEYjmCjm6csTNOFZoRh0o8UefxGMkaFe6nq4wQhIsVOYBnCrX47QYUdlBYUEAiMmWi+l3ny/F/YS2IDZ9w==][w2TULi1TQQ8/WXHC7P5b4tPwMy7a3yhbi2lxhhLwau/SvLlQh+caXYenf4alWkOkIqy610TRKTnfk6ZMpQRUOQ==][w7tqx1feMWAKjCDJO4JM6GyHgXTn4aEyzNVC9LIC5bkHzb0Ei2njlijc2DW0a7+7x8xXNSIlCSmimG3kuN6O4w==][kFSG3f2+T1xZuDe7O2agRjL7R4SyGGtma8bSEjzTYj7FpWmGXsqbmzyWbLbOK9soLxCjw+rTAETQP6ZkoU+k9g==][MeMVGo5+eldgozCO1MxXxJdzHYaIkVQ2NFT1pbAtMPeyV396KewGlTo6ksyaGB8fo72JfHlFsIGJw2pt7pgOyQ==][V0wdEFvH9k9/zQz3MCdcRyBfFxIsPTzUhRLA6EYHj99dXDzDnt8X9oZrnPhLFTk1eyO/1fWeJUOPpMcEFQ0YsA==]}
{"logTime": "0701/235931", "correlationVector":"6CHt24cUXImnboKVZUMw9i.2","action":"EncryptionKeysManager::SetEncryptionKeysWithTimestamps:", "result":"Success", "context":Key timestamps[9]:[2020-09-12T19:56:58Z][2021-05-03T12:53:44Z][2022-03-30T05:46:13Z][2022-09-27T01:21:06Z][2022-12-25T08:29:40Z][2023-06-28T02:50:12Z][2024-01-16T14:16:32Z][2024-07-22T21:36:42Z][2025-01-21T20:09:03Z]}
{"logTime": "0701/235931", "correlationVector":"h/vTbVWk1eo3Z0jpgY13t8","action":"Initial GetUpdates", "result":"", "context":Reason: NEW_CLIENT. cV=h/vTbVWk1eo3Z0jpgY13t8}
{"logTime": "0701/235931", "correlationVector":"h/vTbVWk1eo3Z0jpgY13t8.3","action":"GetUpdates Response", "result":"Success", "context":Received 1 update(s). cV=h/vTbVWk1eo3Z0jpgY13t8.0;server=akswtt00900002i;cloudType=Consumer;environment=Prod_centralus_prod-s01-068-nam-centralus;migrationStage=NotStarted}
{"logTime": "0701/235931", "correlationVector":"NI4gfjnF1xb4+C6fpK03BW","action":"Initial GetUpdates", "result":"", "context":Reason: NEWLY_SUPPORTED_DATATYPE. cV=NI4gfjnF1xb4+C6fpK03BW}
{"logTime": "0701/235931", "correlationVector":"NI4gfjnF1xb4+C6fpK03BW.1","action":"SyncServerConnectionManagerRequest", "result":"SYNC_SERVER_OK", "context":{"environment":"Prod_centralus_prod-s01-068-nam-centralus", "migrationStage":"NotStarted", "server":"akswtt009000024"}}
{"logTime": "0701/235931", "correlationVector":"NI4gfjnF1xb4+C6fpK03BW.2","action":"ProcessGetUpdates", "result":"Done", "context":{"dataType":"Preferences", "deleted":"0", "process_failed_to_decrypt":"0", "process_pending_decryption":"0", "process_success":"78", "total":"78"}}
{"logTime": "0701/235931", "correlationVector":"NI4gfjnF1xb4+C6fpK03BW.3","action":"ProcessGetUpdates", "result":"Done", "context":{"dataType":"Passwords", "deleted":"22", "process_failed_to_decrypt":"0", "process_pending_decryption":"0", "process_success":"25", "total":"25"}}
{"logTime": "0701/235931", "correlationVector":"NI4gfjnF1xb4+C6fpK03BW.4","action":"ProcessGetUpdates", "result":"Done", "context":{"dataType":"Device Info", "deleted":"0", "process_failed_to_decrypt":"0", "process_pending_decryption":"0", "process_success":"15", "total":"15"}}
{"logTime": "0701/235931", "correlationVector":"NI4gfjnF1xb4+C6fpK03BW.5","action":"GetUpdates Response", "result":"Success", "context":Received 118 update(s). cV=NI4gfjnF1xb4+C6fpK03BW.0;server=akswtt009000024;cloudType=Consumer;environment=Prod_centralus_prod-s01-068-nam-centralus;migrationStage=NotStarted}
{"logTime": "0701/235931", "correlationVector":"AGgPCjjEhYu0+kl8wnQQeK","action":"Initial GetUpdates", "result":"", "context":Reason: NEWLY_SUPPORTED_DATATYPE. cV=AGgPCjjEhYu0+kl8wnQQeK}
{"logTime": "0701/235931", "correlationVector":"AGgPCjjEhYu0+kl8wnQQeK.1","action":"SyncServerConnectionManagerRequest", "result":"SYNC_SERVER_OK", "context":{"environment":"Prod_centralus_prod-s01-068-nam-centralus", "migrationStage":"NotStarted", "server":"akswtt009000002"}}
{"logTime": "0701/235931", "correlationVector":"AGgPCjjEhYu0+kl8wnQQeK.2","action":"ProcessGetUpdates", "result":"Done", "context":{"dataType":"Bookmarks", "deleted":"1", "process_failed_to_decrypt":"0", "process_pending_decryption":"0", "process_success":"6", "total":"6"}}
{"logTime": "0701/235931", "correlationVector":"AGgPCjjEhYu0+kl8wnQQeK.3","action":"GetUpdates Response", "result":"Success", "context":Received 6 update(s). cV=AGgPCjjEhYu0+kl8wnQQeK.0;server=akswtt009000002;cloudType=Consumer;environment=Prod_centralus_prod-s01-068-nam-centralus;migrationStage=NotStarted}
{"logTime": "0701/235931", "correlationVector":"xy0UxwQFfNW8pCgTU6Kyl+","action":"Initial GetUpdates", "result":"", "context":Reason: NEWLY_SUPPORTED_DATATYPE. cV=xy0UxwQFfNW8pCgTU6Kyl+}
{"logTime": "0701/235932", "correlationVector":"xy0UxwQFfNW8pCgTU6Kyl+.1","action":"SyncServerConnectionManagerRequest", "result":"SYNC_SERVER_OK", "context":{"environment":"Prod_centralus_prod-s01-068-nam-centralus", "migrationStage":"NotStarted", "server":"akswtt00900004l"}}
{"logTime": "0701/235932", "correlationVector":"xy0UxwQFfNW8pCgTU6Kyl+.2","action":"ProcessGetUpdates", "result":"Done", "context":{"dataType":"Autofill Profiles", "deleted":"4", "process_failed_to_decrypt":"0", "process_pending_decryption":"0", "process_success":"11", "total":"11"}}
{"logTime": "0701/235932", "correlationVector":"xy0UxwQFfNW8pCgTU6Kyl+.3","action":"ProcessGetUpdates", "result":"Done", "context":{"dataType":"Autofill", "deleted":"0", "process_failed_to_decrypt":"0", "process_pending_decryption":"0", "process_success":"75", "total":"75"}}
{"logTime": "0701/235932", "correlationVector":"xy0UxwQFfNW8pCgTU6Kyl+.4","action":"ProcessGetUpdates", "result":"Done", "context":{"dataType":"Extensions", "deleted":"3", "process_failed_to_decrypt":"0", "process_pending_decryption":"0", "process_success":"4", "total":"4"}}
{"logTime": "0701/235932", "correlationVector":"xy0UxwQFfNW8pCgTU6Kyl+.5","action":"ProcessGetUpdates", "result":"Done", "context":{"dataType":"Sessions", "deleted":"36", "process_failed_to_decrypt":"0", "process_pending_decryption":"0", "process_success":"45", "total":"45"}}
{"logTime": "0701/235932", "correlationVector":"xy0UxwQFfNW8pCgTU6Kyl+.6","action":"ProcessGetUpdates", "result":"Done", "context":{"dataType":"Saved Tab Group", "deleted":"9", "process_failed_to_decrypt":"0", "process_pending_decryption":"0", "process_success":"9", "total":"9"}}
{"logTime": "0701/235932", "correlationVector":"xy0UxwQFfNW8pCgTU6Kyl+.7","action":"GetUpdates Response", "result":"Success", "context":Received 144 update(s). cV=xy0UxwQFfNW8pCgTU6Kyl+.0;server=akswtt00900004l;cloudType=Consumer;environment=Prod_centralus_prod-s01-068-nam-centralus;migrationStage=NotStarted}
{"logTime": "0701/235932", "correlationVector":"F45x+AYFImK9mpQZYnFyBT","action":"Initial GetUpdates", "result":"", "context":Reason: NEWLY_SUPPORTED_DATATYPE. cV=F45x+AYFImK9mpQZYnFyBT}
{"logTime": "0701/235932", "correlationVector":"F45x+AYFImK9mpQZYnFyBT.1","action":"SyncServerConnectionManagerRequest", "result":"SYNC_SERVER_OK", "context":{"environment":"Prod_centralus_prod-s01-068-nam-centralus", "migrationStage":"NotStarted", "server":"akswtt00900003s"}}
{"logTime": "0701/235932", "correlationVector":"F45x+AYFImK9mpQZYnFyBT.2","action":"ProcessGetUpdates", "result":"Done", "context":{"dataType":"History", "deleted":"0", "process_failed_to_decrypt":"0", "process_pending_decryption":"0", "process_success":"63", "total":"63"}}
{"logTime": "0701/235932", "correlationVector":"F45x+AYFImK9mpQZYnFyBT.3","action":"GetUpdates Response", "result":"Success", "context":Received 63 update(s). cV=F45x+AYFImK9mpQZYnFyBT.0;server=akswtt00900003s;cloudType=Consumer;environment=Prod_centralus_prod-s01-068-nam-centralus;migrationStage=NotStarted}
{"logTime": "0701/235932", "correlationVector":"L53b+1u2D/S2EVShIftDqd","action":"Normal GetUpdate request", "result":"", "context":cV=L53b+1u2D/S2EVShIftDqd
Nudged types: Sessions, Device Info, User Consents
Refresh requested types: Bookmarks, Preferences, Passwords, Autofill Profiles, Autofill, Extensions, Sessions, Extension settings, History Delete Directives, Device Info, User Consents, Send Tab To Self, Web Apps, History, Saved Tab Group, WebAuthn Credentials, Collection, Edge E Drop, Edge Hub App Usage, Edge Wallet, Encryption Keys}
{"logTime": "0701/235933", "correlationVector":"L53b+1u2D/S2EVShIftDqd.1","action":"SyncServerConnectionManagerRequest", "result":"SYNC_SERVER_OK", "context":{"environment":"Prod_centralus_prod-s01-068-nam-centralus", "migrationStage":"NotStarted", "server":"akswtt00900000v"}}
{"logTime": "0701/235933", "correlationVector":"L53b+1u2D/S2EVShIftDqd.2","action":"GetUpdates Response", "result":"Success", "context":Received 0 update(s). cV=L53b+1u2D/S2EVShIftDqd.0;server=akswtt00900000v;cloudType=Consumer;environment=Prod_centralus_prod-s01-068-nam-centralus;migrationStage=NotStarted}
{"logTime": "0701/235933", "correlationVector":"YUDTezyl6UuBudimQlZWpX","action":"DoCompareDataConsistency requsted types: ", "result":"Bookmarks, Preferences, Passwords, Extensions, Extension settings, History Delete Directives, Send Tab To Self, Web Apps, History, Saved Tab Group, WebAuthn Credentials, Collection, Edge E Drop, Edge Wallet, Encryption Keys"}
{"logTime": "0701/235933", "correlationVector":"YUDTezyl6UuBudimQlZWpX.0","action":"CompareDataConsistency result: ", "result":"Compare result: Encryption Keys is consistent. local entities count is: 1 local entities hash is: ivw8kNQm5wN8Uyn6nxuQ37TeuF8="}
{"logTime": "0701/235933", "correlationVector":"YUDTezyl6UuBudimQlZWpX.1","action":"CompareDataConsistency result: ", "result":"Compare result: Bookmarks is consistent. local entities count is: 0 local entities hash is: "}
{"logTime": "0701/235933", "correlationVector":"YUDTezyl6UuBudimQlZWpX.2","action":"CompareDataConsistency result: ", "result":"Compare result: Preferences is consistent. local entities count is: 78 local entities hash is: lDQBWvMB5mp2D3r30Ezqgwh0pcY="}
{"logTime": "0701/235933", "correlationVector":"YUDTezyl6UuBudimQlZWpX.3","action":"CompareDataConsistency result: ", "result":"Compare result: Extensions is consistent. local entities count is: 1 local entities hash is: fD0DywhrlRF4AoaGIumOBPUder0="}
{"logTime": "0701/235933", "correlationVector":"YUDTezyl6UuBudimQlZWpX.4","action":"CompareDataConsistency result: ", "result":"Compare result: Extension settings is consistent. local entities count is: 0 local entities hash is: "}
{"logTime": "0701/235933", "correlationVector":"YUDTezyl6UuBudimQlZWpX.5","action":"CompareDataConsistency result: ", "result":"Compare result: History Delete Directives is consistent. local entities count is: 0 local entities hash is: "}
{"logTime": "0701/235933", "correlationVector":"YUDTezyl6UuBudimQlZWpX.6","action":"CompareDataConsistency result: ", "result":"Server did not send this Send Tab To Self local entities count is: 0 local entities hash is: "}
{"logTime": "0701/235933", "correlationVector":"YUDTezyl6UuBudimQlZWpX.7","action":"CompareDataConsistency result: ", "result":"Compare result: Web Apps is consistent. local entities count is: 0 local entities hash is: "}
{"logTime": "0701/235933", "correlationVector":"YUDTezyl6UuBudimQlZWpX.8","action":"CompareDataConsistency result: ", "result":"Server did not send this History local entities count is: 0 local entities hash is: "}
{"logTime": "0701/235933", "correlationVector":"YUDTezyl6UuBudimQlZWpX.9","action":"CompareDataConsistency result: ", "result":"Compare result: Saved Tab Group is consistent. local entities count is: 0 local entities hash is: "}
{"logTime": "0701/235933", "correlationVector":"YUDTezyl6UuBudimQlZWpX.10","action":"CompareDataConsistency result: ", "result":"Server did not send this WebAuthn Credentials local entities count is: 0 local entities hash is: "}
{"logTime": "0701/235933", "correlationVector":"YUDTezyl6UuBudimQlZWpX.11","action":"CompareDataConsistency result: ", "result":"Compare result: Collection is consistent. local entities count is: 0 local entities hash is: "}
{"logTime": "0701/235933", "correlationVector":"YUDTezyl6UuBudimQlZWpX.12","action":"CompareDataConsistency result: ", "result":"Compare result: Edge E Drop is consistent. local entities count is: 0 local entities hash is: "}
{"logTime": "0701/235933", "correlationVector":"YUDTezyl6UuBudimQlZWpX.13","action":"CompareDataConsistency result: ", "result":"Compare result: Edge Wallet is consistent. local entities count is: 0 local entities hash is: "}
{"logTime": "0701/235933", "correlationVector":"YUDTezyl6UuBudimQlZWpX.14","action":"CompareDataConsistency result: ", "result":"Compare result: Passwords is consistent. local entities count is: 3 local entities hash is: GStMYt7yoPkeQTMYS5sFl9zjNE0="}
{"logTime": "0701/235933", "correlationVector":"tTf983Qw3ic3VDzmSKIg9Y","action":"Commit Request", "result":"", "context":Item count: 4
Contributing types: Sessions, Device Info, User Consents}
{"logTime": "0701/235933", "correlationVector":"tTf983Qw3ic3VDzmSKIg9Y.1","action":"SyncServerConnectionManagerRequest", "result":"SYNC_SERVER_OK", "context":{"environment":"Prod_centralus_prod-s01-068-nam-centralus", "migrationStage":"NotStarted", "server":"akswtt00900002k"}}
{"logTime": "0701/235933", "correlationVector":"tTf983Qw3ic3VDzmSKIg9Y.2","action":"Commit Response", "result":"Success", "context":Result: Success. cV=tTf983Qw3ic3VDzmSKIg9Y.0;server=akswtt00900002k;cloudType=Consumer;environment=Prod_centralus_prod-s01-068-nam-centralus;migrationStage=NotStarted}
{"logTime": "0701/235933", "correlationVector":"","action":"DIAGNOSTIC_REQUEST|v1/diagnosticData/Diagnostic.SendCheckResult()|SUCCESS", "result":""}
{"logTime": "0701/235934", "correlationVector":"fI1kzhdUnOV3hhuVlePxc0","action":"Commit Request", "result":"", "context":Item count: 2
Contributing types: Sessions, History}
{"logTime": "0701/235934", "correlationVector":"fI1kzhdUnOV3hhuVlePxc0.1","action":"SyncServerConnectionManagerRequest", "result":"SYNC_SERVER_OK", "context":{"environment":"Prod_centralus_prod-s01-068-nam-centralus", "migrationStage":"NotStarted", "server":"akswtt00900002c"}}
{"logTime": "0701/235934", "correlationVector":"fI1kzhdUnOV3hhuVlePxc0.2","action":"Commit Response", "result":"Success", "context":Result: Success. cV=fI1kzhdUnOV3hhuVlePxc0.0;server=akswtt00900002c;cloudType=Consumer;environment=Prod_centralus_prod-s01-068-nam-centralus;migrationStage=NotStarted}
{"logTime": "0701/235934", "correlationVector":"JnDqCxNIt6YU6Eo/buwBRY","action":"Commit Request", "result":"", "context":Item count: 1
Contributing types: User Consents}
{"logTime": "0701/235935", "correlationVector":"JnDqCxNIt6YU6Eo/buwBRY.1","action":"SyncServerConnectionManagerRequest", "result":"SYNC_SERVER_OK", "context":{"environment":"Prod_centralus_prod-s01-068-nam-centralus", "migrationStage":"NotStarted", "server":"akswtt00900004i"}}
{"logTime": "0701/235935", "correlationVector":"JnDqCxNIt6YU6Eo/buwBRY.2","action":"Commit Response", "result":"Success", "context":Result: Success. cV=JnDqCxNIt6YU6Eo/buwBRY.0;server=akswtt00900004i;cloudType=Consumer;environment=Prod_centralus_prod-s01-068-nam-centralus;migrationStage=NotStarted}
{"logTime": "0702/000000", "correlationVector":"Z7iif9W+NH/i6N1t0O0E7m","action":"Commit Request", "result":"", "context":Item count: 8
Contributing types: Preferences, Sessions, History}
{"logTime": "0702/000001", "correlationVector":"Z7iif9W+NH/i6N1t0O0E7m.1","action":"SyncServerConnectionManagerRequest", "result":"SYNC_SERVER_OK", "context":{"environment":"Prod_centralus_prod-s01-068-nam-centralus", "migrationStage":"NotStarted", "server":"akswtt00900002z"}}
{"logTime": "0702/000001", "correlationVector":"Z7iif9W+NH/i6N1t0O0E7m.2","action":"Commit Response", "result":"Success", "context":Result: Success. cV=Z7iif9W+NH/i6N1t0O0E7m.0;server=akswtt00900002z;cloudType=Consumer;environment=Prod_centralus_prod-s01-068-nam-centralus;migrationStage=NotStarted}
{"logTime": "0702/000259", "correlationVector":"qsVrBgelsirShntDKoIqc4.1","action":"SyncServerConnectionManagerRequest", "result":"SYNC_SERVER_OK", "context":{"environment":"Prod_centralus_prod-s01-068-nam-centralus", "migrationStage":"NotStarted", "server":"akswtt00900003s"}}
{"logTime": "0702/000259", "correlationVector":"qsVrBgelsirShntDKoIqc4.2","action":"ProcessGetUpdates", "result":"Done", "context":{"dataType":"Encryption Keys", "deleted":"0", "process_failed_to_decrypt":"0", "process_pending_decryption":"0", "process_success":"1", "total":"1"}}
{"logTime": "0702/000300", "correlationVector":"KXKph1AhBPQKByppl9uSJ0","action":"SyncServerConnectionManagerRequest", "result":"SYNC_SERVER_OK", "context":{"environment":"", "migrationStage":"", "server":""}}
{"logTime": "0702/000300", "correlationVector":"KXKph1AhBPQKByppl9uSJ0.0","action":"EncryptionKeysFetcher.DownloadKeys:", "result":"Success", "context":Key count: 9, Last key timestamp: 2025-01-21T20:09:03Z}
{"logTime": "0702/000300", "correlationVector":"KXKph1AhBPQKByppl9uSJ0.1","action":"EncryptionKeysManager::SetEncryptionKeys:", "result":"Success", "context":Key names[9]:[4+2CwWpaiLFLxVWPwQYrvt39/pPVv/SMTJEwwbnDMCSXg8ADbmGzDQACNNfVdEgTj2pvAqeYT97M25ANjvxjww==][+ZZTZVql32BTXinsg78zCkzbWNcfR3zAls1Mc8FG7f6QxkiGYlKP5RGBxgSZWYfG2nGVZKpvXrSISYPgG3Sedw==][a0IlSzKYnhQ7juuRxd+XXqeH7K1XQCQERFC50/IF97prGa9KDm+ilr8H05WJQt0MIuNtXXTP1FI1z9F+PSoplA==][7M3UpEYjmCjm6csTNOFZoRh0o8UefxGMkaFe6nq4wQhIsVOYBnCrX47QYUdlBYUEAiMmWi+l3ny/F/YS2IDZ9w==][w2TULi1TQQ8/WXHC7P5b4tPwMy7a3yhbi2lxhhLwau/SvLlQh+caXYenf4alWkOkIqy610TRKTnfk6ZMpQRUOQ==][w7tqx1feMWAKjCDJO4JM6GyHgXTn4aEyzNVC9LIC5bkHzb0Ei2njlijc2DW0a7+7x8xXNSIlCSmimG3kuN6O4w==][kFSG3f2+T1xZuDe7O2agRjL7R4SyGGtma8bSEjzTYj7FpWmGXsqbmzyWbLbOK9soLxCjw+rTAETQP6ZkoU+k9g==][MeMVGo5+eldgozCO1MxXxJdzHYaIkVQ2NFT1pbAtMPeyV396KewGlTo6ksyaGB8fo72JfHlFsIGJw2pt7pgOyQ==][V0wdEFvH9k9/zQz3MCdcRyBfFxIsPTzUhRLA6EYHj99dXDzDnt8X9oZrnPhLFTk1eyO/1fWeJUOPpMcEFQ0YsA==]}
{"logTime": "0702/000300", "correlationVector":"KXKph1AhBPQKByppl9uSJ0.2","action":"EncryptionKeysManager::SetEncryptionKeysWithTimestamps:", "result":"Success", "context":Key timestamps[9]:[2020-09-12T19:56:58Z][2021-05-03T12:53:44Z][2022-03-30T05:46:13Z][2022-09-27T01:21:06Z][2022-12-25T08:29:40Z][2023-06-28T02:50:12Z][2024-01-16T14:16:32Z][2024-07-22T21:36:42Z][2025-01-21T20:09:03Z]}
{"logTime": "0702/000300", "correlationVector":"qsVrBgelsirShntDKoIqc4","action":"Initial GetUpdates", "result":"", "context":Reason: NEW_CLIENT. cV=qsVrBgelsirShntDKoIqc4}
{"logTime": "0702/000300", "correlationVector":"qsVrBgelsirShntDKoIqc4.3","action":"GetUpdates Response", "result":"Success", "context":Received 1 update(s). cV=qsVrBgelsirShntDKoIqc4.0;server=akswtt00900003s;cloudType=Consumer;environment=Prod_centralus_prod-s01-068-nam-centralus;migrationStage=NotStarted}
{"logTime": "0702/000300", "correlationVector":"3E/BdihqAVjmz1mJalXWP4","action":"Initial GetUpdates", "result":"", "context":Reason: NEWLY_SUPPORTED_DATATYPE. cV=3E/BdihqAVjmz1mJalXWP4}
{"logTime": "0702/000300", "correlationVector":"3E/BdihqAVjmz1mJalXWP4.1","action":"SyncServerConnectionManagerRequest", "result":"SYNC_SERVER_OK", "context":{"environment":"Prod_centralus_prod-s01-068-nam-centralus", "migrationStage":"NotStarted", "server":"akswtt00900002k"}}
{"logTime": "0702/000300", "correlationVector":"3E/BdihqAVjmz1mJalXWP4.2","action":"ProcessGetUpdates", "result":"Done", "context":{"dataType":"Passwords", "deleted":"22", "process_failed_to_decrypt":"0", "process_pending_decryption":"0", "process_success":"25", "total":"25"}}
{"logTime": "0702/000300", "correlationVector":"3E/BdihqAVjmz1mJalXWP4.3","action":"GetUpdates Response", "result":"Success", "context":Received 25 update(s). cV=3E/BdihqAVjmz1mJalXWP4.0;server=akswtt00900002k;cloudType=Consumer;environment=Prod_centralus_prod-s01-068-nam-centralus;migrationStage=NotStarted}
{"logTime": "0702/000300", "correlationVector":"N8xGeBv7cO8fbeZ77TvjAm","action":"Normal GetUpdate request", "result":"", "context":cV=N8xGeBv7cO8fbeZ77TvjAm
Nudged types: Sessions, History
Refresh requested types: Bookmarks, Preferences, Passwords, Autofill Profiles, Autofill, Extensions, Sessions, Extension settings, History Delete Directives, Device Info, User Consents, Send Tab To Self, Web Apps, History, Saved Tab Group, WebAuthn Credentials, Collection, Edge E Drop, Edge Hub App Usage, Edge Wallet, Encryption Keys}
{"logTime": "0702/000300", "correlationVector":"N8xGeBv7cO8fbeZ77TvjAm.1","action":"SyncServerConnectionManagerRequest", "result":"SYNC_SERVER_OK", "context":{"environment":"Prod_centralus_prod-s01-068-nam-centralus", "migrationStage":"NotStarted", "server":"akswtt00900002t"}}
{"logTime": "0702/000300", "correlationVector":"N8xGeBv7cO8fbeZ77TvjAm.2","action":"ProcessGetUpdates", "result":"Done", "context":{"dataType":"Preferences", "deleted":"0", "process_failed_to_decrypt":"0", "process_pending_decryption":"0", "process_success":"1", "total":"1"}}
{"logTime": "0702/000300", "correlationVector":"N8xGeBv7cO8fbeZ77TvjAm.3","action":"ProcessGetUpdates", "result":"Done", "context":{"dataType":"Sessions", "deleted":"0", "process_failed_to_decrypt":"0", "process_pending_decryption":"0", "process_success":"2", "total":"2"}}
{"logTime": "0702/000300", "correlationVector":"N8xGeBv7cO8fbeZ77TvjAm.4","action":"ProcessGetUpdates", "result":"Done", "context":{"dataType":"Device Info", "deleted":"0", "process_failed_to_decrypt":"0", "process_pending_decryption":"0", "process_success":"1", "total":"1"}}
{"logTime": "0702/000300", "correlationVector":"N8xGeBv7cO8fbeZ77TvjAm.5","action":"ProcessGetUpdates", "result":"Done", "context":{"dataType":"History", "deleted":"0", "process_failed_to_decrypt":"0", "process_pending_decryption":"0", "process_success":"6", "total":"6"}}
{"logTime": "0702/000300", "correlationVector":"N8xGeBv7cO8fbeZ77TvjAm.6","action":"GetUpdates Response", "result":"Success", "context":Received 10 update(s). cV=N8xGeBv7cO8fbeZ77TvjAm.0;server=akswtt00900002t;cloudType=Consumer;environment=Prod_centralus_prod-s01-068-nam-centralus;migrationStage=NotStarted}
{"logTime": "0702/000300", "correlationVector":"07DbbGG7KfXidVfnFK8wVt","action":"Commit Request", "result":"", "context":Item count: 5
Contributing types: Sessions, History}
{"logTime": "0702/000301", "correlationVector":"07DbbGG7KfXidVfnFK8wVt.1","action":"SyncServerConnectionManagerRequest", "result":"SYNC_SERVER_OK", "context":{"environment":"Prod_centralus_prod-s01-068-nam-centralus", "migrationStage":"NotStarted", "server":"akswtt00900002k"}}
{"logTime": "0702/000301", "correlationVector":"07DbbGG7KfXidVfnFK8wVt.2","action":"Commit Response", "result":"Success", "context":Result: Success. cV=07DbbGG7KfXidVfnFK8wVt.0;server=akswtt00900002k;cloudType=Consumer;environment=Prod_centralus_prod-s01-068-nam-centralus;migrationStage=NotStarted}
{"logTime": "0702/000401", "correlationVector":"6+IEmr82+HksMbJBqiGqS5","action":"Commit Request", "result":"", "context":Item count: 4
Contributing types: Sessions, History}
{"logTime": "0702/000402", "correlationVector":"6+IEmr82+HksMbJBqiGqS5.1","action":"SyncServerConnectionManagerRequest", "result":"SYNC_SERVER_OK", "context":{"environment":"Prod_centralus_prod-s01-068-nam-centralus", "migrationStage":"NotStarted", "server":"akswtt00900002t"}}
{"logTime": "0702/000402", "correlationVector":"6+IEmr82+HksMbJBqiGqS5.2","action":"Commit Response", "result":"Success", "context":Result: Success. cV=6+IEmr82+HksMbJBqiGqS5.0;server=akswtt00900002t;cloudType=Consumer;environment=Prod_centralus_prod-s01-068-nam-centralus;migrationStage=NotStarted}
{"logTime": "0702/000402", "correlationVector":"6+IEmr82+HksMbJBqiGqS5.3","action":"Commit.Sessions", "result":"Success", "context":{"id":"6fa63f58-211e-4095-bb42-af70d1c74294", "isDeleted":"true", "size":"0", "version":"1751414580679"}}
{"logTime": "0702/000651", "correlationVector":"3UCn+bdmtYTYXXSY6Yk2UT.1","action":"SyncServerConnectionManagerRequest", "result":"SYNC_SERVER_OK", "context":{"environment":"Prod_centralus_prod-s01-068-nam-centralus", "migrationStage":"NotStarted", "server":"akswtt00900003e"}}
{"logTime": "0702/000651", "correlationVector":"3UCn+bdmtYTYXXSY6Yk2UT.2","action":"ProcessGetUpdates", "result":"Done", "context":{"dataType":"Encryption Keys", "deleted":"0", "process_failed_to_decrypt":"0", "process_pending_decryption":"0", "process_success":"1", "total":"1"}}
{"logTime": "0702/000651", "correlationVector":"HuBgwc1/GkdwWeuZeQpnU8","action":"SyncServerConnectionManagerRequest", "result":"SYNC_SERVER_OK", "context":{"environment":"", "migrationStage":"", "server":""}}
{"logTime": "0702/000651", "correlationVector":"HuBgwc1/GkdwWeuZeQpnU8.0","action":"EncryptionKeysFetcher.DownloadKeys:", "result":"Success", "context":Key count: 9, Last key timestamp: 2025-01-21T20:09:03Z}
{"logTime": "0702/000651", "correlationVector":"HuBgwc1/GkdwWeuZeQpnU8.1","action":"EncryptionKeysManager::SetEncryptionKeys:", "result":"Success", "context":Key names[9]:[4+2CwWpaiLFLxVWPwQYrvt39/pPVv/SMTJEwwbnDMCSXg8ADbmGzDQACNNfVdEgTj2pvAqeYT97M25ANjvxjww==][+ZZTZVql32BTXinsg78zCkzbWNcfR3zAls1Mc8FG7f6QxkiGYlKP5RGBxgSZWYfG2nGVZKpvXrSISYPgG3Sedw==][a0IlSzKYnhQ7juuRxd+XXqeH7K1XQCQERFC50/IF97prGa9KDm+ilr8H05WJQt0MIuNtXXTP1FI1z9F+PSoplA==][7M3UpEYjmCjm6csTNOFZoRh0o8UefxGMkaFe6nq4wQhIsVOYBnCrX47QYUdlBYUEAiMmWi+l3ny/F/YS2IDZ9w==][w2TULi1TQQ8/WXHC7P5b4tPwMy7a3yhbi2lxhhLwau/SvLlQh+caXYenf4alWkOkIqy610TRKTnfk6ZMpQRUOQ==][w7tqx1feMWAKjCDJO4JM6GyHgXTn4aEyzNVC9LIC5bkHzb0Ei2njlijc2DW0a7+7x8xXNSIlCSmimG3kuN6O4w==][kFSG3f2+T1xZuDe7O2agRjL7R4SyGGtma8bSEjzTYj7FpWmGXsqbmzyWbLbOK9soLxCjw+rTAETQP6ZkoU+k9g==][MeMVGo5+eldgozCO1MxXxJdzHYaIkVQ2NFT1pbAtMPeyV396KewGlTo6ksyaGB8fo72JfHlFsIGJw2pt7pgOyQ==][V0wdEFvH9k9/zQz3MCdcRyBfFxIsPTzUhRLA6EYHj99dXDzDnt8X9oZrnPhLFTk1eyO/1fWeJUOPpMcEFQ0YsA==]}
{"logTime": "0702/000651", "correlationVector":"HuBgwc1/GkdwWeuZeQpnU8.2","action":"EncryptionKeysManager::SetEncryptionKeysWithTimestamps:", "result":"Success", "context":Key timestamps[9]:[2020-09-12T19:56:58Z][2021-05-03T12:53:44Z][2022-03-30T05:46:13Z][2022-09-27T01:21:06Z][2022-12-25T08:29:40Z][2023-06-28T02:50:12Z][2024-01-16T14:16:32Z][2024-07-22T21:36:42Z][2025-01-21T20:09:03Z]}
{"logTime": "0702/000651", "correlationVector":"3UCn+bdmtYTYXXSY6Yk2UT","action":"Initial GetUpdates", "result":"", "context":Reason: NEW_CLIENT. cV=3UCn+bdmtYTYXXSY6Yk2UT}
{"logTime": "0702/000651", "correlationVector":"3UCn+bdmtYTYXXSY6Yk2UT.3","action":"GetUpdates Response", "result":"Success", "context":Received 1 update(s). cV=3UCn+bdmtYTYXXSY6Yk2UT.0;server=akswtt00900003e;cloudType=Consumer;environment=Prod_centralus_prod-s01-068-nam-centralus;migrationStage=NotStarted}
{"logTime": "0702/000651", "correlationVector":"6D9ot6sZHEVZQ4A70FvQEJ","action":"Initial GetUpdates", "result":"", "context":Reason: NEWLY_SUPPORTED_DATATYPE. cV=6D9ot6sZHEVZQ4A70FvQEJ}
{"logTime": "0702/000651", "correlationVector":"6D9ot6sZHEVZQ4A70FvQEJ.1","action":"SyncServerConnectionManagerRequest", "result":"SYNC_SERVER_OK", "context":{"environment":"Prod_centralus_prod-s01-068-nam-centralus", "migrationStage":"NotStarted", "server":"akswtt00900004a"}}
{"logTime": "0702/000651", "correlationVector":"6D9ot6sZHEVZQ4A70FvQEJ.2","action":"ProcessGetUpdates", "result":"Done", "context":{"dataType":"Passwords", "deleted":"22", "process_failed_to_decrypt":"0", "process_pending_decryption":"0", "process_success":"25", "total":"25"}}
{"logTime": "0702/000651", "correlationVector":"6D9ot6sZHEVZQ4A70FvQEJ.3","action":"GetUpdates Response", "result":"Success", "context":Received 25 update(s). cV=6D9ot6sZHEVZQ4A70FvQEJ.0;server=akswtt00900004a;cloudType=Consumer;environment=Prod_centralus_prod-s01-068-nam-centralus;migrationStage=NotStarted}
{"logTime": "0702/000651", "correlationVector":"xlJnURBx8/ZcBYKCoBS0m/","action":"Normal GetUpdate request", "result":"", "context":cV=xlJnURBx8/ZcBYKCoBS0m/
Nudged types: Sessions, History
Refresh requested types: Bookmarks, Preferences, Passwords, Autofill Profiles, Autofill, Extensions, Sessions, Extension settings, History Delete Directives, Device Info, User Consents, Send Tab To Self, Web Apps, History, Saved Tab Group, WebAuthn Credentials, Collection, Edge E Drop, Edge Hub App Usage, Edge Wallet, Encryption Keys}
{"logTime": "0702/000652", "correlationVector":"xlJnURBx8/ZcBYKCoBS0m/.1","action":"SyncServerConnectionManagerRequest", "result":"SYNC_SERVER_OK", "context":{"environment":"Prod_centralus_prod-s01-068-nam-centralus", "migrationStage":"NotStarted", "server":"akswtt00900000o"}}
{"logTime": "0702/000652", "correlationVector":"xlJnURBx8/ZcBYKCoBS0m/.2","action":"ProcessGetUpdates", "result":"Done", "context":{"dataType":"Sessions", "deleted":"1", "process_failed_to_decrypt":"0", "process_pending_decryption":"0", "process_success":"3", "total":"3"}}
{"logTime": "0702/000652", "correlationVector":"xlJnURBx8/ZcBYKCoBS0m/.3","action":"ProcessGetUpdates", "result":"Done", "context":{"dataType":"History", "deleted":"0", "process_failed_to_decrypt":"0", "process_pending_decryption":"0", "process_success":"4", "total":"4"}}
{"logTime": "0702/000652", "correlationVector":"xlJnURBx8/ZcBYKCoBS0m/.4","action":"GetUpdates Response", "result":"Success", "context":Received 7 update(s). cV=xlJnURBx8/ZcBYKCoBS0m/.0;server=akswtt00900000o;cloudType=Consumer;environment=Prod_centralus_prod-s01-068-nam-centralus;migrationStage=NotStarted}
{"logTime": "0702/000652", "correlationVector":"6dDmuCc1llPpQFB7BsRTZt","action":"Commit Request", "result":"", "context":Item count: 4
Contributing types: Sessions, History}
{"logTime": "0702/000652", "correlationVector":"6dDmuCc1llPpQFB7BsRTZt.1","action":"SyncServerConnectionManagerRequest", "result":"SYNC_SERVER_OK", "context":{"environment":"Prod_centralus_prod-s01-068-nam-centralus", "migrationStage":"NotStarted", "server":"akswtt00900000k"}}
{"logTime": "0702/000652", "correlationVector":"6dDmuCc1llPpQFB7BsRTZt.3","action":"Commit.Sessions", "result":"Success", "context":{"id":"4f4e48ff-f689-4cf7-9ca2-6b3b8a3deb88", "isDeleted":"true", "size":"0", "version":"1751414641294"}}
{"logTime": "0702/000652", "correlationVector":"6dDmuCc1llPpQFB7BsRTZt.2","action":"Commit Response", "result":"Success", "context":Result: Success. cV=6dDmuCc1llPpQFB7BsRTZt.0;server=akswtt00900000k;cloudType=Consumer;environment=Prod_centralus_prod-s01-068-nam-centralus;migrationStage=NotStarted}
{"logTime": "0702/000752", "correlationVector":"V6ZMvOE55nkBCFpuMWmN74","action":"Commit Request", "result":"", "context":Item count: 2
Contributing types: Sessions, History}
{"logTime": "0702/000753", "correlationVector":"V6ZMvOE55nkBCFpuMWmN74.1","action":"SyncServerConnectionManagerRequest", "result":"SYNC_SERVER_OK", "context":{"environment":"Prod_centralus_prod-s01-068-nam-centralus", "migrationStage":"NotStarted", "server":"akswtt009000003"}}
{"logTime": "0702/000753", "correlationVector":"V6ZMvOE55nkBCFpuMWmN74.2","action":"Commit Response", "result":"Success", "context":Result: Success. cV=V6ZMvOE55nkBCFpuMWmN74.0;server=akswtt009000003;cloudType=Consumer;environment=Prod_centralus_prod-s01-068-nam-centralus;migrationStage=NotStarted}
{"logTime": "0702/002320", "correlationVector":"piaGS0o32X5r6cBMFUxxMT.1","action":"SyncServerConnectionManagerRequest", "result":"SYNC_SERVER_OK", "context":{"environment":"Prod_centralus_prod-s01-068-nam-centralus", "migrationStage":"NotStarted", "server":"akswtt009000050"}}
{"logTime": "0702/002320", "correlationVector":"piaGS0o32X5r6cBMFUxxMT.2","action":"ProcessGetUpdates", "result":"Done", "context":{"dataType":"Encryption Keys", "deleted":"0", "process_failed_to_decrypt":"0", "process_pending_decryption":"0", "process_success":"1", "total":"1"}}
{"logTime": "0702/002320", "correlationVector":"PpTbjgXa7VqIcVl9hwXmrx","action":"SyncServerConnectionManagerRequest", "result":"SYNC_SERVER_OK", "context":{"environment":"", "migrationStage":"", "server":""}}
{"logTime": "0702/002320", "correlationVector":"PpTbjgXa7VqIcVl9hwXmrx.0","action":"EncryptionKeysFetcher.DownloadKeys:", "result":"Success", "context":Key count: 9, Last key timestamp: 2025-01-21T20:09:03Z}
{"logTime": "0702/002320", "correlationVector":"PpTbjgXa7VqIcVl9hwXmrx.1","action":"EncryptionKeysManager::SetEncryptionKeys:", "result":"Success", "context":Key names[9]:[4+2CwWpaiLFLxVWPwQYrvt39/pPVv/SMTJEwwbnDMCSXg8ADbmGzDQACNNfVdEgTj2pvAqeYT97M25ANjvxjww==][+ZZTZVql32BTXinsg78zCkzbWNcfR3zAls1Mc8FG7f6QxkiGYlKP5RGBxgSZWYfG2nGVZKpvXrSISYPgG3Sedw==][a0IlSzKYnhQ7juuRxd+XXqeH7K1XQCQERFC50/IF97prGa9KDm+ilr8H05WJQt0MIuNtXXTP1FI1z9F+PSoplA==][7M3UpEYjmCjm6csTNOFZoRh0o8UefxGMkaFe6nq4wQhIsVOYBnCrX47QYUdlBYUEAiMmWi+l3ny/F/YS2IDZ9w==][w2TULi1TQQ8/WXHC7P5b4tPwMy7a3yhbi2lxhhLwau/SvLlQh+caXYenf4alWkOkIqy610TRKTnfk6ZMpQRUOQ==][w7tqx1feMWAKjCDJO4JM6GyHgXTn4aEyzNVC9LIC5bkHzb0Ei2njlijc2DW0a7+7x8xXNSIlCSmimG3kuN6O4w==][kFSG3f2+T1xZuDe7O2agRjL7R4SyGGtma8bSEjzTYj7FpWmGXsqbmzyWbLbOK9soLxCjw+rTAETQP6ZkoU+k9g==][MeMVGo5+eldgozCO1MxXxJdzHYaIkVQ2NFT1pbAtMPeyV396KewGlTo6ksyaGB8fo72JfHlFsIGJw2pt7pgOyQ==][V0wdEFvH9k9/zQz3MCdcRyBfFxIsPTzUhRLA6EYHj99dXDzDnt8X9oZrnPhLFTk1eyO/1fWeJUOPpMcEFQ0YsA==]}
{"logTime": "0702/002320", "correlationVector":"PpTbjgXa7VqIcVl9hwXmrx.2","action":"EncryptionKeysManager::SetEncryptionKeysWithTimestamps:", "result":"Success", "context":Key timestamps[9]:[2020-09-12T19:56:58Z][2021-05-03T12:53:44Z][2022-03-30T05:46:13Z][2022-09-27T01:21:06Z][2022-12-25T08:29:40Z][2023-06-28T02:50:12Z][2024-01-16T14:16:32Z][2024-07-22T21:36:42Z][2025-01-21T20:09:03Z]}
{"logTime": "0702/002320", "correlationVector":"piaGS0o32X5r6cBMFUxxMT","action":"Initial GetUpdates", "result":"", "context":Reason: NEW_CLIENT. cV=piaGS0o32X5r6cBMFUxxMT}
{"logTime": "0702/002320", "correlationVector":"piaGS0o32X5r6cBMFUxxMT.3","action":"GetUpdates Response", "result":"Success", "context":Received 1 update(s). cV=piaGS0o32X5r6cBMFUxxMT.0;server=akswtt009000050;cloudType=Consumer;environment=Prod_centralus_prod-s01-068-nam-centralus;migrationStage=NotStarted}
{"logTime": "0702/002320", "correlationVector":"zGFF8D/154bNRzduj6QYCY","action":"Initial GetUpdates", "result":"", "context":Reason: NEWLY_SUPPORTED_DATATYPE. cV=zGFF8D/154bNRzduj6QYCY}
{"logTime": "0702/002321", "correlationVector":"zGFF8D/154bNRzduj6QYCY.1","action":"SyncServerConnectionManagerRequest", "result":"SYNC_SERVER_OK", "context":{"environment":"Prod_centralus_prod-s01-068-nam-centralus", "migrationStage":"NotStarted", "server":"akswtt00900003n"}}
{"logTime": "0702/002321", "correlationVector":"zGFF8D/154bNRzduj6QYCY.2","action":"ProcessGetUpdates", "result":"Done", "context":{"dataType":"Passwords", "deleted":"22", "process_failed_to_decrypt":"0", "process_pending_decryption":"0", "process_success":"25", "total":"25"}}
{"logTime": "0702/002321", "correlationVector":"zGFF8D/154bNRzduj6QYCY.3","action":"GetUpdates Response", "result":"Success", "context":Received 25 update(s). cV=zGFF8D/154bNRzduj6QYCY.0;server=akswtt00900003n;cloudType=Consumer;environment=Prod_centralus_prod-s01-068-nam-centralus;migrationStage=NotStarted}
{"logTime": "0702/002321", "correlationVector":"yOTQVt9/Kk6xE+kbm1gtGv","action":"Normal GetUpdate request", "result":"", "context":cV=yOTQVt9/Kk6xE+kbm1gtGv
Nudged types: Sessions, Device Info, History
Refresh requested types: Bookmarks, Preferences, Passwords, Autofill Profiles, Autofill, Extensions, Sessions, Extension settings, History Delete Directives, Device Info, User Consents, Send Tab To Self, Web Apps, History, Saved Tab Group, WebAuthn Credentials, Collection, Edge E Drop, Edge Hub App Usage, Edge Wallet, Encryption Keys}
{"logTime": "0702/002321", "correlationVector":"yOTQVt9/Kk6xE+kbm1gtGv.1","action":"SyncServerConnectionManagerRequest", "result":"SYNC_SERVER_OK", "context":{"environment":"Prod_centralus_prod-s01-068-nam-centralus", "migrationStage":"NotStarted", "server":"akswtt009000016"}}
{"logTime": "0702/002321", "correlationVector":"yOTQVt9/Kk6xE+kbm1gtGv.2","action":"ProcessGetUpdates", "result":"Done", "context":{"dataType":"Preferences", "deleted":"0", "process_failed_to_decrypt":"0", "process_pending_decryption":"0", "process_success":"1", "total":"1"}}
{"logTime": "0702/002321", "correlationVector":"yOTQVt9/Kk6xE+kbm1gtGv.3","action":"ProcessGetUpdates", "result":"Done", "context":{"dataType":"Sessions", "deleted":"2", "process_failed_to_decrypt":"0", "process_pending_decryption":"0", "process_success":"5", "total":"5"}}
{"logTime": "0702/002321", "correlationVector":"yOTQVt9/Kk6xE+kbm1gtGv.4","action":"ProcessGetUpdates", "result":"Done", "context":{"dataType":"Device Info", "deleted":"0", "process_failed_to_decrypt":"0", "process_pending_decryption":"0", "process_success":"1", "total":"1"}}
{"logTime": "0702/002321", "correlationVector":"yOTQVt9/Kk6xE+kbm1gtGv.5","action":"ProcessGetUpdates", "result":"Done", "context":{"dataType":"History", "deleted":"0", "process_failed_to_decrypt":"0", "process_pending_decryption":"0", "process_success":"5", "total":"5"}}
{"logTime": "0702/002321", "correlationVector":"yOTQVt9/Kk6xE+kbm1gtGv.6","action":"GetUpdates Response", "result":"Success", "context":Received 12 update(s). cV=yOTQVt9/Kk6xE+kbm1gtGv.0;server=akswtt009000016;cloudType=Consumer;environment=Prod_centralus_prod-s01-068-nam-centralus;migrationStage=NotStarted}
{"logTime": "0702/002422", "correlationVector":"0jB4cvGVuCgFm5KGejSmz/","action":"Commit Request", "result":"", "context":Item count: 4
Contributing types: Sessions, History}
{"logTime": "0702/002422", "correlationVector":"0jB4cvGVuCgFm5KGejSmz/.1","action":"SyncServerConnectionManagerRequest", "result":"SYNC_SERVER_OK", "context":{"environment":"Prod_centralus_prod-s01-068-nam-centralus", "migrationStage":"NotStarted", "server":"akswtt00900003b"}}
{"logTime": "0702/002422", "correlationVector":"0jB4cvGVuCgFm5KGejSmz/.2","action":"Commit Response", "result":"Success", "context":Result: Success. cV=0jB4cvGVuCgFm5KGejSmz/.0;server=akswtt00900003b;cloudType=Consumer;environment=Prod_centralus_prod-s01-068-nam-centralus;migrationStage=NotStarted}
{"logTime": "0702/002936", "correlationVector":"NlCrXnOKCPlfACBxVxmxNi.1","action":"SyncServerConnectionManagerRequest", "result":"SYNC_SERVER_OK", "context":{"environment":"Prod_centralus_prod-s01-068-nam-centralus", "migrationStage":"NotStarted", "server":"akswtt00900003s"}}
{"logTime": "0702/002936", "correlationVector":"NlCrXnOKCPlfACBxVxmxNi.2","action":"ProcessGetUpdates", "result":"Done", "context":{"dataType":"Encryption Keys", "deleted":"0", "process_failed_to_decrypt":"0", "process_pending_decryption":"0", "process_success":"1", "total":"1"}}
{"logTime": "0702/002936", "correlationVector":"GY+/SpfneIoUMTjtNGVyzs","action":"SyncServerConnectionManagerRequest", "result":"SYNC_SERVER_OK", "context":{"environment":"", "migrationStage":"", "server":""}}
{"logTime": "0702/002936", "correlationVector":"GY+/SpfneIoUMTjtNGVyzs.0","action":"EncryptionKeysFetcher.DownloadKeys:", "result":"Success", "context":Key count: 9, Last key timestamp: 2025-01-21T20:09:03Z}
{"logTime": "0702/002937", "correlationVector":"GY+/SpfneIoUMTjtNGVyzs.1","action":"EncryptionKeysManager::SetEncryptionKeys:", "result":"Success", "context":Key names[9]:[4+2CwWpaiLFLxVWPwQYrvt39/pPVv/SMTJEwwbnDMCSXg8ADbmGzDQACNNfVdEgTj2pvAqeYT97M25ANjvxjww==][+ZZTZVql32BTXinsg78zCkzbWNcfR3zAls1Mc8FG7f6QxkiGYlKP5RGBxgSZWYfG2nGVZKpvXrSISYPgG3Sedw==][a0IlSzKYnhQ7juuRxd+XXqeH7K1XQCQERFC50/IF97prGa9KDm+ilr8H05WJQt0MIuNtXXTP1FI1z9F+PSoplA==][7M3UpEYjmCjm6csTNOFZoRh0o8UefxGMkaFe6nq4wQhIsVOYBnCrX47QYUdlBYUEAiMmWi+l3ny/F/YS2IDZ9w==][w2TULi1TQQ8/WXHC7P5b4tPwMy7a3yhbi2lxhhLwau/SvLlQh+caXYenf4alWkOkIqy610TRKTnfk6ZMpQRUOQ==][w7tqx1feMWAKjCDJO4JM6GyHgXTn4aEyzNVC9LIC5bkHzb0Ei2njlijc2DW0a7+7x8xXNSIlCSmimG3kuN6O4w==][kFSG3f2+T1xZuDe7O2agRjL7R4SyGGtma8bSEjzTYj7FpWmGXsqbmzyWbLbOK9soLxCjw+rTAETQP6ZkoU+k9g==][MeMVGo5+eldgozCO1MxXxJdzHYaIkVQ2NFT1pbAtMPeyV396KewGlTo6ksyaGB8fo72JfHlFsIGJw2pt7pgOyQ==][V0wdEFvH9k9/zQz3MCdcRyBfFxIsPTzUhRLA6EYHj99dXDzDnt8X9oZrnPhLFTk1eyO/1fWeJUOPpMcEFQ0YsA==]}
{"logTime": "0702/002937", "correlationVector":"GY+/SpfneIoUMTjtNGVyzs.2","action":"EncryptionKeysManager::SetEncryptionKeysWithTimestamps:", "result":"Success", "context":Key timestamps[9]:[2020-09-12T19:56:58Z][2021-05-03T12:53:44Z][2022-03-30T05:46:13Z][2022-09-27T01:21:06Z][2022-12-25T08:29:40Z][2023-06-28T02:50:12Z][2024-01-16T14:16:32Z][2024-07-22T21:36:42Z][2025-01-21T20:09:03Z]}
{"logTime": "0702/002937", "correlationVector":"NlCrXnOKCPlfACBxVxmxNi","action":"Initial GetUpdates", "result":"", "context":Reason: NEW_CLIENT. cV=NlCrXnOKCPlfACBxVxmxNi}
{"logTime": "0702/002937", "correlationVector":"NlCrXnOKCPlfACBxVxmxNi.3","action":"GetUpdates Response", "result":"Success", "context":Received 1 update(s). cV=NlCrXnOKCPlfACBxVxmxNi.0;server=akswtt00900003s;cloudType=Consumer;environment=Prod_centralus_prod-s01-068-nam-centralus;migrationStage=NotStarted}
{"logTime": "0702/002937", "correlationVector":"hLVAd3lsXkKDbBrpfIfYV8","action":"Initial GetUpdates", "result":"", "context":Reason: NEWLY_SUPPORTED_DATATYPE. cV=hLVAd3lsXkKDbBrpfIfYV8}
{"logTime": "0702/002937", "correlationVector":"hLVAd3lsXkKDbBrpfIfYV8.1","action":"SyncServerConnectionManagerRequest", "result":"SYNC_SERVER_OK", "context":{"environment":"Prod_centralus_prod-s01-068-nam-centralus", "migrationStage":"NotStarted", "server":"akswtt00900003e"}}
{"logTime": "0702/002937", "correlationVector":"hLVAd3lsXkKDbBrpfIfYV8.2","action":"ProcessGetUpdates", "result":"Done", "context":{"dataType":"Passwords", "deleted":"22", "process_failed_to_decrypt":"0", "process_pending_decryption":"0", "process_success":"26", "total":"26"}}
{"logTime": "0702/002937", "correlationVector":"hLVAd3lsXkKDbBrpfIfYV8.3","action":"GetUpdates Response", "result":"Success", "context":Received 26 update(s). cV=hLVAd3lsXkKDbBrpfIfYV8.0;server=akswtt00900003e;cloudType=Consumer;environment=Prod_centralus_prod-s01-068-nam-centralus;migrationStage=NotStarted}
{"logTime": "0702/002937", "correlationVector":"pLF4FWHvuZn593t32K65tz","action":"Normal GetUpdate request", "result":"", "context":cV=pLF4FWHvuZn593t32K65tz
Nudged types: Sessions, History
Refresh requested types: Bookmarks, Preferences, Passwords, Autofill Profiles, Autofill, Extensions, Sessions, Extension settings, History Delete Directives, Device Info, User Consents, Send Tab To Self, Web Apps, History, Saved Tab Group, WebAuthn Credentials, Collection, Edge E Drop, Edge Hub App Usage, Edge Wallet, Encryption Keys}
{"logTime": "0702/002937", "correlationVector":"pLF4FWHvuZn593t32K65tz.1","action":"SyncServerConnectionManagerRequest", "result":"SYNC_SERVER_OK", "context":{"environment":"Prod_centralus_prod-s01-068-nam-centralus", "migrationStage":"NotStarted", "server":"akswtt00900001a"}}
{"logTime": "0702/002937", "correlationVector":"pLF4FWHvuZn593t32K65tz.2","action":"ProcessGetUpdates", "result":"Done", "context":{"dataType":"Preferences", "deleted":"0", "process_failed_to_decrypt":"0", "process_pending_decryption":"0", "process_success":"3", "total":"3"}}
{"logTime": "0702/002937", "correlationVector":"pLF4FWHvuZn593t32K65tz.3","action":"ProcessGetUpdates", "result":"Done", "context":{"dataType":"Autofill Profiles", "deleted":"0", "process_failed_to_decrypt":"0", "process_pending_decryption":"0", "process_success":"1", "total":"1"}}
{"logTime": "0702/002937", "correlationVector":"pLF4FWHvuZn593t32K65tz.4","action":"ProcessGetUpdates", "result":"Done", "context":{"dataType":"Autofill", "deleted":"0", "process_failed_to_decrypt":"0", "process_pending_decryption":"0", "process_success":"1", "total":"1"}}
{"logTime": "0702/002937", "correlationVector":"pLF4FWHvuZn593t32K65tz.5","action":"ProcessGetUpdates", "result":"Done", "context":{"dataType":"Sessions", "deleted":"2", "process_failed_to_decrypt":"0", "process_pending_decryption":"0", "process_success":"6", "total":"6"}}
{"logTime": "0702/002937", "correlationVector":"pLF4FWHvuZn593t32K65tz.6","action":"ProcessGetUpdates", "result":"Done", "context":{"dataType":"History", "deleted":"0", "process_failed_to_decrypt":"0", "process_pending_decryption":"0", "process_success":"14", "total":"14"}}
{"logTime": "0702/002937", "correlationVector":"pLF4FWHvuZn593t32K65tz.7","action":"GetUpdates Response", "result":"Success", "context":Received 25 update(s). cV=pLF4FWHvuZn593t32K65tz.0;server=akswtt00900001a;cloudType=Consumer;environment=Prod_centralus_prod-s01-068-nam-centralus;migrationStage=NotStarted}
{"logTime": "0702/002944", "correlationVector":"dSNhTlyo/WoVzytdAW5M7Y","action":"Commit Request", "result":"", "context":Item count: 9
Contributing types: Preferences, Passwords, Autofill, Sessions, History}
{"logTime": "0702/002945", "correlationVector":"dSNhTlyo/WoVzytdAW5M7Y.1","action":"SyncServerConnectionManagerRequest", "result":"SYNC_SERVER_OK", "context":{"environment":"Prod_centralus_prod-s01-068-nam-centralus", "migrationStage":"NotStarted", "server":"akswtt00900001h"}}
{"logTime": "0702/002945", "correlationVector":"dSNhTlyo/WoVzytdAW5M7Y.2","action":"Commit Response", "result":"Success", "context":Result: Success. cV=dSNhTlyo/WoVzytdAW5M7Y.0;server=akswtt00900001h;cloudType=Consumer;environment=Prod_centralus_prod-s01-068-nam-centralus;migrationStage=NotStarted}
{"logTime": "0702/002947", "correlationVector":"t1dR7iM9INvAhhZ/FjrWxt","action":"Commit Request", "result":"", "context":Item count: 7
Contributing types: Preferences, Sessions, History}
{"logTime": "0702/002947", "correlationVector":"t1dR7iM9INvAhhZ/FjrWxt.1","action":"SyncServerConnectionManagerRequest", "result":"SYNC_SERVER_OK", "context":{"environment":"Prod_centralus_prod-s01-068-nam-centralus", "migrationStage":"NotStarted", "server":"akswtt009000059"}}
{"logTime": "0702/002947", "correlationVector":"t1dR7iM9INvAhhZ/FjrWxt.2","action":"Commit Response", "result":"Success", "context":Result: Success. cV=t1dR7iM9INvAhhZ/FjrWxt.0;server=akswtt009000059;cloudType=Consumer;environment=Prod_centralus_prod-s01-068-nam-centralus;migrationStage=NotStarted}
