2025-07-01 23:59:28.668: [INFO][Sync] Reset engine, reason: 8
2025-07-01 23:59:28.668: [INFO][Sync] Stopped: Bookmarks
2025-07-01 23:59:28.668: [INFO][Sync] Stopped: Preferences
2025-07-01 23:59:28.668: [INFO][Sync] Stopped: Passwords
2025-07-01 23:59:28.668: [INFO][Sync] Stopped: Autofill Profiles
2025-07-01 23:59:28.668: [INFO][Sync] Stopped: Autofill
2025-07-01 23:59:28.668: [INFO][Sync] Stopped: Extensions
2025-07-01 23:59:28.668: [INFO][Sync] Stopped: Sessions
2025-07-01 23:59:28.668: [INFO][Sync] Stopped: Extension settings
2025-07-01 23:59:28.668: [INFO][Sync] Stopped: History Delete Directives
2025-07-01 23:59:28.668: [INFO][Sync] Stopped: Device Info
2025-07-01 23:59:28.668: [INFO][Sync] Stopped: User Consents
2025-07-01 23:59:28.668: [INFO][Sync] Stopped: Send Tab To Self
2025-07-01 23:59:28.668: [INFO][Sync] Stopped: Web Apps
2025-07-01 23:59:28.668: [INFO][Sync] Stopped: History
2025-07-01 23:59:28.668: [INFO][Sync] Stopped: Saved Tab Group
2025-07-01 23:59:28.668: [INFO][Sync] Stopped: WebAuthn Credentials
2025-07-01 23:59:28.668: [INFO][Sync] Stopped: Collection
2025-07-01 23:59:28.668: [INFO][Sync] Stopped: Edge E Drop
2025-07-01 23:59:28.668: [INFO][Sync] Stopped: Edge Hub App Usage
2025-07-01 23:59:28.668: [INFO][Sync] Stopped: Edge Wallet
2025-07-01 23:59:28.668: [INFO][Sync] SyncState after authenticated was: NotSignedIn
2025-07-01 23:59:28.897: [INFO][Sync] Reset engine, reason: 8
2025-07-01 23:59:28.897: [INFO][Sync] Stopped: Bookmarks
2025-07-01 23:59:28.897: [INFO][Sync] Stopped: Preferences
2025-07-01 23:59:28.897: [INFO][Sync] Stopped: Passwords
2025-07-01 23:59:28.897: [INFO][Sync] Stopped: Autofill Profiles
2025-07-01 23:59:28.897: [INFO][Sync] Stopped: Autofill
2025-07-01 23:59:28.897: [INFO][Sync] Stopped: Extensions
2025-07-01 23:59:28.897: [INFO][Sync] Stopped: Sessions
2025-07-01 23:59:28.897: [INFO][Sync] Stopped: Extension settings
2025-07-01 23:59:28.897: [INFO][Sync] Stopped: History Delete Directives
2025-07-01 23:59:28.897: [INFO][Sync] Stopped: Device Info
2025-07-01 23:59:28.897: [INFO][Sync] Stopped: User Consents
2025-07-01 23:59:28.897: [INFO][Sync] Stopped: Send Tab To Self
2025-07-01 23:59:28.897: [INFO][Sync] Stopped: Web Apps
2025-07-01 23:59:28.897: [INFO][Sync] Stopped: History
2025-07-01 23:59:28.897: [INFO][Sync] Stopped: Saved Tab Group
2025-07-01 23:59:28.897: [INFO][Sync] Stopped: WebAuthn Credentials
2025-07-01 23:59:28.897: [INFO][Sync] Stopped: Collection
2025-07-01 23:59:28.897: [INFO][Sync] Stopped: Edge E Drop
2025-07-01 23:59:28.897: [INFO][Sync] Stopped: Edge Hub App Usage
2025-07-01 23:59:28.897: [INFO][Sync] Stopped: Edge Wallet
2025-07-01 23:59:29.047: [INFO][Sync] Try to start sync engine
2025-07-01 23:59:29.049: [INFO][SyncManagerImpl::NudgeForInitialDownload] Initial download nudge for Encryption Keys
2025-07-01 23:59:29.049: [INFO][SyncEngineBackend::LoadAndConnectNigoriController] Load and connect Nigori controller
2025-07-01 23:59:29.049: [INFO][SyncEngineBackend::DoInitialize] Control Types added: Encryption Keys
2025-07-01 23:59:29.049: [INFO][SyncManagerImpl::ConfigureSyncer] Types to download: Encryption Keys with reason: 3
2025-07-01 23:59:29.049: [INFO][SyncSchedulerImpl::DoConfigurationSyncCycleJob] Configure job was blocked
2025-07-01 23:59:29.312: [INFO][SyncAuthManager::SetLastAuthError] Current auth error: None
2025-07-01 23:59:29.312: [INFO][SyncAuthManager::EdgeLogTokenErrorState] Token error with: None for account type: MSA
2025-07-01 23:59:29.312: [INFO][Sync] Credentials changed for: EdgeSyncScopeNew
2025-07-01 23:59:30.023: [INFO][SyncAuthManager::SetLastAuthError] Current auth error: None
2025-07-01 23:59:30.023: [INFO][SyncAuthManager::EdgeLogTokenErrorState] Token error with: None for account type: MSA
2025-07-01 23:59:30.023: [INFO][Sync] Credentials changed for: EdgeSyncKeyDataScope
2025-07-01 23:59:30.023: [INFO][SyncEngineBackend::DoUpdateKeyDataCredentials] Update key data credentials
2025-07-01 23:59:30.023: [INFO][SyncEngineBackend::DoUpdateCredentials] Update credentials
2025-07-01 23:59:30.023: [INFO][SyncSchedulerImpl::DoConfigurationSyncCycleJob] Blocked types:  and types to download: Encryption Keys
2025-07-01 23:59:30.841: [INFO][Sync] Started DataTypeManager configuration, reason: 4
2025-07-01 23:59:30.841: [INFO][Sync] Configuring for: Bookmarks, Preferences, Passwords, Autofill Profiles, Autofill, Extensions, Sessions, Extension settings, History Delete Directives, Device Info, User Consents, Send Tab To Self, Web Apps, History, Saved Tab Group, WebAuthn Credentials, Collection, Edge E Drop, Edge Hub App Usage, Edge Wallet, Encryption Keys, reason: 3, current state: 0
2025-07-01 23:59:30.841: [WARN][Sync] Crypto error data types: Passwords, Autofill Profiles, Autofill
2025-07-01 23:59:30.843: [INFO][Sync] Configure, desired: Bookmarks, Preferences, Extensions, Sessions, Extension settings, History Delete Directives, Device Info, User Consents, Send Tab To Self, Web Apps, History, Saved Tab Group, WebAuthn Credentials, Collection, Edge E Drop, Edge Hub App Usage, Edge Wallet, Encryption Keys; Allow fail: Passwords, Autofill Profiles, Autofill
2025-07-01 23:59:30.843: [INFO][Sync] Loading: Bookmarks
2025-07-01 23:59:30.843: [INFO][Sync] Loading: Preferences
2025-07-01 23:59:30.843: [INFO][Sync] Loading: Extensions
2025-07-01 23:59:30.843: [INFO][Sync] Loading: Sessions
2025-07-01 23:59:30.843: [INFO][Sync] Loading: Extension settings
2025-07-01 23:59:30.843: [INFO][Sync] Loading: History Delete Directives
2025-07-01 23:59:30.843: [INFO][Sync] Loading: Device Info
2025-07-01 23:59:30.843: [INFO][Sync] Loading: User Consents
2025-07-01 23:59:30.843: [INFO][Sync] Loading: Send Tab To Self
2025-07-01 23:59:30.843: [INFO][Sync] Loading: Web Apps
2025-07-01 23:59:30.843: [INFO][Sync] Loading: History
2025-07-01 23:59:30.843: [INFO][Sync] Loading: Saved Tab Group
2025-07-01 23:59:30.843: [INFO][Sync] Loading: WebAuthn Credentials
2025-07-01 23:59:30.843: [INFO][Sync] Loading: Collection
2025-07-01 23:59:30.843: [INFO][Sync] Loading: Edge E Drop
2025-07-01 23:59:30.843: [INFO][Sync] Loading: Edge Hub App Usage
2025-07-01 23:59:30.843: [INFO][Sync] Loading: Edge Wallet
2025-07-01 23:59:30.849: [INFO][Sync] All data types are ready for configure.
2025-07-01 23:59:31.155: [INFO][Sync] Started DataTypeManager configuration, reason: 5
2025-07-01 23:59:31.156: [INFO][Sync] Configuring for: Bookmarks, Preferences, Passwords, Autofill Profiles, Autofill, Extensions, Sessions, Extension settings, History Delete Directives, Device Info, User Consents, Send Tab To Self, Web Apps, History, Saved Tab Group, WebAuthn Credentials, Collection, Edge E Drop, Edge Hub App Usage, Edge Wallet, Encryption Keys, reason: 5, current state: 1
2025-07-01 23:59:31.166: [INFO][SyncEngineBackend::DoStartConfiguration] Start configuration
2025-07-01 23:59:31.166: [INFO][SyncManagerImpl::NudgeForInitialDownload] Initial download nudge for Bookmarks
2025-07-01 23:59:31.166: [INFO][SyncManagerImpl::NudgeForInitialDownload] Initial download nudge for Preferences
2025-07-01 23:59:31.166: [INFO][SyncManagerImpl::NudgeForInitialDownload] Initial download nudge for Extensions
2025-07-01 23:59:31.166: [INFO][SyncManagerImpl::NudgeForInitialDownload] Initial download nudge for Sessions
2025-07-01 23:59:31.166: [INFO][SyncManagerImpl::NudgeForInitialDownload] Initial download nudge for Extension settings
2025-07-01 23:59:31.166: [INFO][SyncManagerImpl::NudgeForInitialDownload] Initial download nudge for History Delete Directives
2025-07-01 23:59:31.166: [INFO][SyncManagerImpl::NudgeForInitialDownload] Initial download nudge for Device Info
2025-07-01 23:59:31.166: [INFO][SyncManagerImpl::NudgeForInitialDownload] Initial download nudge for Send Tab To Self
2025-07-01 23:59:31.166: [INFO][SyncManagerImpl::NudgeForInitialDownload] Initial download nudge for Web Apps
2025-07-01 23:59:31.166: [INFO][SyncManagerImpl::NudgeForInitialDownload] Initial download nudge for History
2025-07-01 23:59:31.166: [INFO][SyncManagerImpl::NudgeForInitialDownload] Initial download nudge for Saved Tab Group
2025-07-01 23:59:31.166: [INFO][SyncManagerImpl::NudgeForInitialDownload] Initial download nudge for WebAuthn Credentials
2025-07-01 23:59:31.166: [INFO][SyncManagerImpl::NudgeForInitialDownload] Initial download nudge for Collection
2025-07-01 23:59:31.166: [INFO][SyncManagerImpl::NudgeForInitialDownload] Initial download nudge for Edge E Drop
2025-07-01 23:59:31.166: [INFO][SyncManagerImpl::NudgeForInitialDownload] Initial download nudge for Edge Hub App Usage
2025-07-01 23:59:31.166: [INFO][SyncManagerImpl::NudgeForInitialDownload] Initial download nudge for Edge Wallet
2025-07-01 23:59:31.166: [INFO][SyncManagerImpl::ConfigureSyncer] Types to download:  with reason: 3
2025-07-01 23:59:31.166: [INFO][SyncEngineBackend::DoFinishConfigureDataTypes] Failed to download types:  and succeeded types: 
2025-07-01 23:59:31.166: [INFO][Sync] ConfigurationDone, failed: , succeeded: , remaining count: 4
2025-07-01 23:59:31.166: [WARN][Sync]     Reconfigure requested while configuration ongoing.
2025-07-01 23:59:31.166: [INFO][Sync] Configuring for: Bookmarks, Preferences, Passwords, Autofill Profiles, Autofill, Extensions, Sessions, Extension settings, History Delete Directives, Device Info, User Consents, Send Tab To Self, Web Apps, History, Saved Tab Group, WebAuthn Credentials, Collection, Edge E Drop, Edge Hub App Usage, Edge Wallet, Encryption Keys, reason: 5, current state: 2
2025-07-01 23:59:31.166: [INFO][Sync] Configure, desired: Bookmarks, Preferences, Passwords, Autofill Profiles, Autofill, Extensions, Sessions, Extension settings, History Delete Directives, Device Info, User Consents, Send Tab To Self, Web Apps, History, Saved Tab Group, WebAuthn Credentials, Collection, Edge E Drop, Edge Hub App Usage, Edge Wallet, Encryption Keys; Allow fail: 
2025-07-01 23:59:31.166: [INFO][Sync] Loading: Passwords
2025-07-01 23:59:31.166: [INFO][Sync] Loading: Autofill Profiles
2025-07-01 23:59:31.166: [INFO][Sync] Loading: Autofill
2025-07-01 23:59:31.167: [INFO][Sync] All data types are ready for configure.
2025-07-01 23:59:31.167: [INFO][SyncManagerImpl::NudgeForInitialDownload] Initial download nudge for Passwords
2025-07-01 23:59:31.167: [INFO][SyncManagerImpl::NudgeForInitialDownload] Initial download nudge for Autofill Profiles
2025-07-01 23:59:31.167: [INFO][SyncManagerImpl::NudgeForInitialDownload] Initial download nudge for Autofill
2025-07-01 23:59:31.167: [INFO][SyncManagerImpl::ConfigureSyncer] Types to download:  with reason: 5
2025-07-01 23:59:31.167: [INFO][SyncEngineBackend::DoFinishConfigureDataTypes] Failed to download types:  and succeeded types: 
2025-07-01 23:59:31.167: [INFO][Sync] ConfigurationDone, failed: , succeeded: , remaining count: 4
2025-07-01 23:59:31.167: [INFO][Sync] Prepare to configure types: Preferences, Passwords, Device Info, Send Tab To Self, Edge E Drop, Encryption Keys
2025-07-01 23:59:31.167: [INFO][SyncManagerImpl::ConfigureSyncer] Types to download: Preferences, Passwords, Device Info, Send Tab To Self, Edge E Drop, Encryption Keys with reason: 5
2025-07-01 23:59:31.167: [INFO][SyncSchedulerImpl::DoConfigurationSyncCycleJob] Blocked types:  and types to download: Preferences, Passwords, Device Info, Send Tab To Self, Edge E Drop, Encryption Keys
2025-07-01 23:59:31.571: [INFO][SyncEngineBackend::DoFinishConfigureDataTypes] Failed to download types:  and succeeded types: Preferences, Passwords, Device Info, Send Tab To Self, Edge E Drop, Encryption Keys
2025-07-01 23:59:31.576: [INFO][Sync] ConfigurationDone, failed: , succeeded: Preferences, Passwords, Device Info, Send Tab To Self, Edge E Drop, Encryption Keys, remaining count: 3
2025-07-01 23:59:31.576: [INFO][Sync] Prepare to configure types: Bookmarks, Encryption Keys
2025-07-01 23:59:31.576: [INFO][SyncManagerImpl::ConfigureSyncer] Types to download: Bookmarks, Encryption Keys with reason: 5
2025-07-01 23:59:31.576: [INFO][SyncSchedulerImpl::DoConfigurationSyncCycleJob] Blocked types:  and types to download: Bookmarks, Encryption Keys
2025-07-01 23:59:31.885: [INFO][SyncEngineBackend::DoFinishConfigureDataTypes] Failed to download types:  and succeeded types: Bookmarks, Encryption Keys
2025-07-01 23:59:31.886: [INFO][Sync] ConfigurationDone, failed: , succeeded: Bookmarks, Encryption Keys, remaining count: 2
2025-07-01 23:59:31.886: [INFO][Sync] Prepare to configure types: Autofill Profiles, Autofill, Extensions, Sessions, Extension settings, History Delete Directives, Web Apps, Saved Tab Group, WebAuthn Credentials, Collection, Edge Hub App Usage, Edge Wallet, Encryption Keys
2025-07-01 23:59:31.888: [INFO][SyncManagerImpl::ConfigureSyncer] Types to download: Autofill Profiles, Autofill, Extensions, Sessions, Extension settings, History Delete Directives, Web Apps, Saved Tab Group, WebAuthn Credentials, Collection, Edge Hub App Usage, Edge Wallet, Encryption Keys with reason: 5
2025-07-01 23:59:31.888: [INFO][SyncSchedulerImpl::DoConfigurationSyncCycleJob] Blocked types:  and types to download: Autofill Profiles, Autofill, Extensions, Sessions, Extension settings, History Delete Directives, Web Apps, Saved Tab Group, WebAuthn Credentials, Collection, Edge Hub App Usage, Edge Wallet, Encryption Keys
2025-07-01 23:59:32.250: [INFO][SyncEngineBackend::DoFinishConfigureDataTypes] Failed to download types:  and succeeded types: Autofill Profiles, Autofill, Extensions, Sessions, Extension settings, History Delete Directives, Web Apps, Saved Tab Group, WebAuthn Credentials, Collection, Edge Hub App Usage, Edge Wallet, Encryption Keys
2025-07-01 23:59:32.251: [INFO][Sync] ConfigurationDone, failed: , succeeded: Autofill Profiles, Autofill, Extensions, Sessions, Extension settings, History Delete Directives, Web Apps, Saved Tab Group, WebAuthn Credentials, Collection, Edge Hub App Usage, Edge Wallet, Encryption Keys, remaining count: 1
2025-07-01 23:59:32.252: [INFO][Sync] Prepare to configure types: History, Encryption Keys
2025-07-01 23:59:32.252: [INFO][SyncManagerImpl::ConfigureSyncer] Types to download: History, Encryption Keys with reason: 5
2025-07-01 23:59:32.252: [INFO][SyncSchedulerImpl::DoConfigurationSyncCycleJob] Blocked types:  and types to download: History, Encryption Keys
2025-07-01 23:59:32.558: [INFO][SyncEngineBackend::DoFinishConfigureDataTypes] Failed to download types:  and succeeded types: History, Encryption Keys
2025-07-01 23:59:32.563: [INFO][Sync] ConfigurationDone, failed: , succeeded: History, Encryption Keys, remaining count: 0
2025-07-01 23:59:32.566: [INFO][Sync]     Configuration completed, state: 7
2025-07-01 23:59:32.566: [INFO][Sync] Configured DataTypeManager: Ok
2025-07-01 23:59:32.570: [INFO][SyncEngineBackend::DoStartSyncing] Start syncing
2025-07-02 00:01:36.488: [INFO][Sync] Reset engine, reason: 0
2025-07-02 00:01:36.488: [INFO][Sync] Reset engine with reason: 0
2025-07-02 00:02:58.157: [INFO][Sync] SyncState after authenticated was: FeatureCanStart
2025-07-02 00:02:58.570: [INFO][Sync] Try to start sync engine
2025-07-02 00:02:58.571: [INFO][SyncManagerImpl::NudgeForInitialDownload] Initial download nudge for Encryption Keys
2025-07-02 00:02:58.571: [INFO][SyncEngineBackend::LoadAndConnectNigoriController] Load and connect Nigori controller
2025-07-02 00:02:58.571: [INFO][SyncEngineBackend::DoInitialize] Control Types added: Encryption Keys
2025-07-02 00:02:58.571: [INFO][SyncManagerImpl::ConfigureSyncer] Types to download: Encryption Keys with reason: 3
2025-07-02 00:02:58.571: [INFO][SyncSchedulerImpl::DoConfigurationSyncCycleJob] Configure job was blocked
2025-07-02 00:02:58.617: [INFO][SyncAuthManager::SetLastAuthError] Current auth error: None
2025-07-02 00:02:58.617: [INFO][SyncAuthManager::EdgeLogTokenErrorState] Token error with: None for account type: MSA
2025-07-02 00:02:58.617: [INFO][Sync] Credentials changed for: EdgeSyncScopeNew
2025-07-02 00:02:59.269: [INFO][SyncAuthManager::SetLastAuthError] Current auth error: None
2025-07-02 00:02:59.269: [INFO][SyncAuthManager::EdgeLogTokenErrorState] Token error with: None for account type: MSA
2025-07-02 00:02:59.269: [INFO][Sync] Credentials changed for: EdgeSyncKeyDataScope
2025-07-02 00:02:59.269: [INFO][SyncEngineBackend::DoUpdateKeyDataCredentials] Update key data credentials
2025-07-02 00:02:59.269: [INFO][SyncEngineBackend::DoUpdateCredentials] Update credentials
2025-07-02 00:02:59.269: [INFO][SyncSchedulerImpl::DoConfigurationSyncCycleJob] Blocked types:  and types to download: Encryption Keys
2025-07-02 00:02:59.604: [INFO][Sync] Started DataTypeManager configuration, reason: 4
2025-07-02 00:02:59.604: [INFO][Sync] Configuring for: Bookmarks, Preferences, Passwords, Autofill Profiles, Autofill, Extensions, Sessions, Extension settings, History Delete Directives, Device Info, User Consents, Send Tab To Self, Web Apps, History, Saved Tab Group, WebAuthn Credentials, Collection, Edge E Drop, Edge Hub App Usage, Edge Wallet, Encryption Keys, reason: 4, current state: 0
2025-07-02 00:02:59.604: [WARN][Sync] Crypto error data types: Passwords, Autofill Profiles, Autofill
2025-07-02 00:02:59.608: [INFO][Sync] Configure, desired: Bookmarks, Preferences, Extensions, Sessions, Extension settings, History Delete Directives, Device Info, User Consents, Send Tab To Self, Web Apps, History, Saved Tab Group, WebAuthn Credentials, Collection, Edge E Drop, Edge Hub App Usage, Edge Wallet, Encryption Keys; Allow fail: Passwords, Autofill Profiles, Autofill
2025-07-02 00:02:59.608: [INFO][Sync] Loading: Bookmarks
2025-07-02 00:02:59.608: [INFO][Sync] Loading: Preferences
2025-07-02 00:02:59.608: [INFO][Sync] Loading: Extensions
2025-07-02 00:02:59.608: [INFO][Sync] Loading: Sessions
2025-07-02 00:02:59.608: [INFO][Sync] Loading: Extension settings
2025-07-02 00:02:59.608: [INFO][Sync] Loading: History Delete Directives
2025-07-02 00:02:59.608: [INFO][Sync] Loading: Device Info
2025-07-02 00:02:59.608: [INFO][Sync] Loading: User Consents
2025-07-02 00:02:59.608: [INFO][Sync] Loading: Send Tab To Self
2025-07-02 00:02:59.608: [INFO][Sync] Loading: Web Apps
2025-07-02 00:02:59.608: [INFO][Sync] Loading: History
2025-07-02 00:02:59.608: [INFO][Sync] Loading: Saved Tab Group
2025-07-02 00:02:59.608: [INFO][Sync] Loading: WebAuthn Credentials
2025-07-02 00:02:59.608: [INFO][Sync] Loading: Collection
2025-07-02 00:02:59.608: [INFO][Sync] Loading: Edge E Drop
2025-07-02 00:02:59.608: [INFO][Sync] Loading: Edge Hub App Usage
2025-07-02 00:02:59.608: [INFO][Sync] Loading: Edge Wallet
2025-07-02 00:02:59.619: [INFO][Sync] All data types are ready for configure.
2025-07-02 00:03:00.080: [INFO][Sync] Started DataTypeManager configuration, reason: 5
2025-07-02 00:03:00.080: [INFO][Sync] Configuring for: Bookmarks, Preferences, Passwords, Autofill Profiles, Autofill, Extensions, Sessions, Extension settings, History Delete Directives, Device Info, User Consents, Send Tab To Self, Web Apps, History, Saved Tab Group, WebAuthn Credentials, Collection, Edge E Drop, Edge Hub App Usage, Edge Wallet, Encryption Keys, reason: 5, current state: 1
2025-07-02 00:03:00.091: [INFO][SyncEngineBackend::DoStartConfiguration] Start configuration
2025-07-02 00:03:00.091: [INFO][SyncManagerImpl::ConfigureSyncer] Types to download:  with reason: 4
2025-07-02 00:03:00.091: [INFO][SyncEngineBackend::DoFinishConfigureDataTypes] Failed to download types:  and succeeded types: 
2025-07-02 00:03:00.091: [INFO][Sync] ConfigurationDone, failed: , succeeded: , remaining count: 4
2025-07-02 00:03:00.091: [WARN][Sync]     Reconfigure requested while configuration ongoing.
2025-07-02 00:03:00.091: [INFO][Sync] Configuring for: Bookmarks, Preferences, Passwords, Autofill Profiles, Autofill, Extensions, Sessions, Extension settings, History Delete Directives, Device Info, User Consents, Send Tab To Self, Web Apps, History, Saved Tab Group, WebAuthn Credentials, Collection, Edge E Drop, Edge Hub App Usage, Edge Wallet, Encryption Keys, reason: 5, current state: 2
2025-07-02 00:03:00.091: [INFO][Sync] Configure, desired: Bookmarks, Preferences, Passwords, Autofill Profiles, Autofill, Extensions, Sessions, Extension settings, History Delete Directives, Device Info, User Consents, Send Tab To Self, Web Apps, History, Saved Tab Group, WebAuthn Credentials, Collection, Edge E Drop, Edge Hub App Usage, Edge Wallet, Encryption Keys; Allow fail: 
2025-07-02 00:03:00.091: [INFO][Sync] Loading: Passwords
2025-07-02 00:03:00.091: [INFO][Sync] Loading: Autofill Profiles
2025-07-02 00:03:00.091: [INFO][Sync] Loading: Autofill
2025-07-02 00:03:00.091: [INFO][Sync] All data types are ready for configure.
2025-07-02 00:03:00.091: [INFO][SyncManagerImpl::NudgeForInitialDownload] Initial download nudge for Passwords
2025-07-02 00:03:00.091: [INFO][SyncManagerImpl::ConfigureSyncer] Types to download:  with reason: 5
2025-07-02 00:03:00.091: [INFO][SyncEngineBackend::DoFinishConfigureDataTypes] Failed to download types:  and succeeded types: 
2025-07-02 00:03:00.091: [INFO][Sync] ConfigurationDone, failed: , succeeded: , remaining count: 4
2025-07-02 00:03:00.091: [INFO][Sync] Prepare to configure types: Passwords, Encryption Keys
2025-07-02 00:03:00.091: [INFO][SyncManagerImpl::ConfigureSyncer] Types to download: Passwords, Encryption Keys with reason: 5
2025-07-02 00:03:00.091: [INFO][SyncSchedulerImpl::DoConfigurationSyncCycleJob] Blocked types:  and types to download: Passwords, Encryption Keys
2025-07-02 00:03:00.466: [INFO][SyncEngineBackend::DoFinishConfigureDataTypes] Failed to download types:  and succeeded types: Passwords, Encryption Keys
2025-07-02 00:03:00.468: [INFO][Sync] ConfigurationDone, failed: , succeeded: Passwords, Encryption Keys, remaining count: 3
2025-07-02 00:03:00.468: [INFO][SyncManagerImpl::ConfigureSyncer] Types to download:  with reason: 5
2025-07-02 00:03:00.468: [INFO][SyncEngineBackend::DoFinishConfigureDataTypes] Failed to download types:  and succeeded types: 
2025-07-02 00:03:00.469: [INFO][Sync] ConfigurationDone, failed: , succeeded: , remaining count: 2
2025-07-02 00:03:00.469: [INFO][SyncManagerImpl::ConfigureSyncer] Types to download:  with reason: 5
2025-07-02 00:03:00.469: [INFO][SyncEngineBackend::DoFinishConfigureDataTypes] Failed to download types:  and succeeded types: 
2025-07-02 00:03:00.474: [INFO][Sync] ConfigurationDone, failed: , succeeded: , remaining count: 1
2025-07-02 00:03:00.476: [INFO][SyncManagerImpl::ConfigureSyncer] Types to download:  with reason: 5
2025-07-02 00:03:00.476: [INFO][SyncEngineBackend::DoFinishConfigureDataTypes] Failed to download types:  and succeeded types: 
2025-07-02 00:03:00.477: [INFO][Sync] ConfigurationDone, failed: , succeeded: , remaining count: 0
2025-07-02 00:03:00.480: [INFO][Sync]     Configuration completed, state: 7
2025-07-02 00:03:00.480: [INFO][Sync] Configured DataTypeManager: Ok
2025-07-02 00:03:00.484: [INFO][SyncEngineBackend::DoStartSyncing] Start syncing
2025-07-02 00:06:19.628: [INFO][Sync] Reset engine, reason: 0
2025-07-02 00:06:19.628: [INFO][Sync] Reset engine with reason: 0
2025-07-02 00:06:48.581: [INFO][Sync] SyncState after authenticated was: FeatureCanStart
2025-07-02 00:06:49.054: [INFO][Sync] Try to start sync engine
2025-07-02 00:06:49.055: [INFO][SyncManagerImpl::NudgeForInitialDownload] Initial download nudge for Encryption Keys
2025-07-02 00:06:49.055: [INFO][SyncEngineBackend::LoadAndConnectNigoriController] Load and connect Nigori controller
2025-07-02 00:06:49.055: [INFO][SyncEngineBackend::DoInitialize] Control Types added: Encryption Keys
2025-07-02 00:06:49.055: [INFO][SyncManagerImpl::ConfigureSyncer] Types to download: Encryption Keys with reason: 3
2025-07-02 00:06:49.055: [INFO][SyncSchedulerImpl::DoConfigurationSyncCycleJob] Configure job was blocked
2025-07-02 00:06:49.094: [INFO][SyncAuthManager::SetLastAuthError] Current auth error: None
2025-07-02 00:06:49.094: [INFO][SyncAuthManager::EdgeLogTokenErrorState] Token error with: None for account type: MSA
2025-07-02 00:06:49.094: [INFO][Sync] Credentials changed for: EdgeSyncScopeNew
2025-07-02 00:06:50.226: [INFO][SyncAuthManager::SetLastAuthError] Current auth error: None
2025-07-02 00:06:50.226: [INFO][SyncAuthManager::EdgeLogTokenErrorState] Token error with: None for account type: MSA
2025-07-02 00:06:50.226: [INFO][Sync] Credentials changed for: EdgeSyncKeyDataScope
2025-07-02 00:06:50.226: [INFO][SyncEngineBackend::DoUpdateKeyDataCredentials] Update key data credentials
2025-07-02 00:06:50.226: [INFO][SyncEngineBackend::DoUpdateCredentials] Update credentials
2025-07-02 00:06:50.226: [INFO][SyncSchedulerImpl::DoConfigurationSyncCycleJob] Blocked types:  and types to download: Encryption Keys
2025-07-02 00:06:51.140: [INFO][Sync] Started DataTypeManager configuration, reason: 4
2025-07-02 00:06:51.140: [INFO][Sync] Configuring for: Bookmarks, Preferences, Passwords, Autofill Profiles, Autofill, Extensions, Sessions, Extension settings, History Delete Directives, Device Info, User Consents, Send Tab To Self, Web Apps, History, Saved Tab Group, WebAuthn Credentials, Collection, Edge E Drop, Edge Hub App Usage, Edge Wallet, Encryption Keys, reason: 4, current state: 0
2025-07-02 00:06:51.140: [WARN][Sync] Crypto error data types: Passwords, Autofill Profiles, Autofill
2025-07-02 00:06:51.143: [INFO][Sync] Configure, desired: Bookmarks, Preferences, Extensions, Sessions, Extension settings, History Delete Directives, Device Info, User Consents, Send Tab To Self, Web Apps, History, Saved Tab Group, WebAuthn Credentials, Collection, Edge E Drop, Edge Hub App Usage, Edge Wallet, Encryption Keys; Allow fail: Passwords, Autofill Profiles, Autofill
2025-07-02 00:06:51.143: [INFO][Sync] Loading: Bookmarks
2025-07-02 00:06:51.143: [INFO][Sync] Loading: Preferences
2025-07-02 00:06:51.143: [INFO][Sync] Loading: Extensions
2025-07-02 00:06:51.143: [INFO][Sync] Loading: Sessions
2025-07-02 00:06:51.143: [INFO][Sync] Loading: Extension settings
2025-07-02 00:06:51.143: [INFO][Sync] Loading: History Delete Directives
2025-07-02 00:06:51.143: [INFO][Sync] Loading: Device Info
2025-07-02 00:06:51.143: [INFO][Sync] Loading: User Consents
2025-07-02 00:06:51.143: [INFO][Sync] Loading: Send Tab To Self
2025-07-02 00:06:51.143: [INFO][Sync] Loading: Web Apps
2025-07-02 00:06:51.143: [INFO][Sync] Loading: History
2025-07-02 00:06:51.143: [INFO][Sync] Loading: Saved Tab Group
2025-07-02 00:06:51.143: [INFO][Sync] Loading: WebAuthn Credentials
2025-07-02 00:06:51.143: [INFO][Sync] Loading: Collection
2025-07-02 00:06:51.143: [INFO][Sync] Loading: Edge E Drop
2025-07-02 00:06:51.143: [INFO][Sync] Loading: Edge Hub App Usage
2025-07-02 00:06:51.143: [INFO][Sync] Loading: Edge Wallet
2025-07-02 00:06:51.152: [INFO][Sync] All data types are ready for configure.
2025-07-02 00:06:51.514: [INFO][Sync] Started DataTypeManager configuration, reason: 5
2025-07-02 00:06:51.514: [INFO][Sync] Configuring for: Bookmarks, Preferences, Passwords, Autofill Profiles, Autofill, Extensions, Sessions, Extension settings, History Delete Directives, Device Info, User Consents, Send Tab To Self, Web Apps, History, Saved Tab Group, WebAuthn Credentials, Collection, Edge E Drop, Edge Hub App Usage, Edge Wallet, Encryption Keys, reason: 5, current state: 1
2025-07-02 00:06:51.525: [INFO][SyncEngineBackend::DoStartConfiguration] Start configuration
2025-07-02 00:06:51.525: [INFO][SyncManagerImpl::ConfigureSyncer] Types to download:  with reason: 4
2025-07-02 00:06:51.525: [INFO][SyncEngineBackend::DoFinishConfigureDataTypes] Failed to download types:  and succeeded types: 
2025-07-02 00:06:51.525: [INFO][Sync] ConfigurationDone, failed: , succeeded: , remaining count: 4
2025-07-02 00:06:51.525: [WARN][Sync]     Reconfigure requested while configuration ongoing.
2025-07-02 00:06:51.525: [INFO][Sync] Configuring for: Bookmarks, Preferences, Passwords, Autofill Profiles, Autofill, Extensions, Sessions, Extension settings, History Delete Directives, Device Info, User Consents, Send Tab To Self, Web Apps, History, Saved Tab Group, WebAuthn Credentials, Collection, Edge E Drop, Edge Hub App Usage, Edge Wallet, Encryption Keys, reason: 5, current state: 2
2025-07-02 00:06:51.525: [INFO][Sync] Configure, desired: Bookmarks, Preferences, Passwords, Autofill Profiles, Autofill, Extensions, Sessions, Extension settings, History Delete Directives, Device Info, User Consents, Send Tab To Self, Web Apps, History, Saved Tab Group, WebAuthn Credentials, Collection, Edge E Drop, Edge Hub App Usage, Edge Wallet, Encryption Keys; Allow fail: 
2025-07-02 00:06:51.525: [INFO][Sync] Loading: Passwords
2025-07-02 00:06:51.525: [INFO][Sync] Loading: Autofill Profiles
2025-07-02 00:06:51.525: [INFO][Sync] Loading: Autofill
2025-07-02 00:06:51.525: [INFO][Sync] All data types are ready for configure.
2025-07-02 00:06:51.525: [INFO][SyncManagerImpl::NudgeForInitialDownload] Initial download nudge for Passwords
2025-07-02 00:06:51.525: [INFO][SyncManagerImpl::ConfigureSyncer] Types to download:  with reason: 5
2025-07-02 00:06:51.525: [INFO][SyncEngineBackend::DoFinishConfigureDataTypes] Failed to download types:  and succeeded types: 
2025-07-02 00:06:51.525: [INFO][Sync] ConfigurationDone, failed: , succeeded: , remaining count: 4
2025-07-02 00:06:51.525: [INFO][Sync] Prepare to configure types: Passwords, Encryption Keys
2025-07-02 00:06:51.525: [INFO][SyncManagerImpl::ConfigureSyncer] Types to download: Passwords, Encryption Keys with reason: 5
2025-07-02 00:06:51.525: [INFO][SyncSchedulerImpl::DoConfigurationSyncCycleJob] Blocked types:  and types to download: Passwords, Encryption Keys
2025-07-02 00:06:51.823: [INFO][SyncEngineBackend::DoFinishConfigureDataTypes] Failed to download types:  and succeeded types: Passwords, Encryption Keys
2025-07-02 00:06:51.825: [INFO][Sync] ConfigurationDone, failed: , succeeded: Passwords, Encryption Keys, remaining count: 3
2025-07-02 00:06:51.826: [INFO][SyncManagerImpl::ConfigureSyncer] Types to download:  with reason: 5
2025-07-02 00:06:51.826: [INFO][SyncEngineBackend::DoFinishConfigureDataTypes] Failed to download types:  and succeeded types: 
2025-07-02 00:06:51.826: [INFO][Sync] ConfigurationDone, failed: , succeeded: , remaining count: 2
2025-07-02 00:06:51.826: [INFO][SyncManagerImpl::ConfigureSyncer] Types to download:  with reason: 5
2025-07-02 00:06:51.826: [INFO][SyncEngineBackend::DoFinishConfigureDataTypes] Failed to download types:  and succeeded types: 
2025-07-02 00:06:51.830: [INFO][Sync] ConfigurationDone, failed: , succeeded: , remaining count: 1
2025-07-02 00:06:51.832: [INFO][SyncManagerImpl::ConfigureSyncer] Types to download:  with reason: 5
2025-07-02 00:06:51.832: [INFO][SyncEngineBackend::DoFinishConfigureDataTypes] Failed to download types:  and succeeded types: 
2025-07-02 00:06:51.833: [INFO][Sync] ConfigurationDone, failed: , succeeded: , remaining count: 0
2025-07-02 00:06:51.835: [INFO][Sync]     Configuration completed, state: 7
2025-07-02 00:06:51.836: [INFO][Sync] Configured DataTypeManager: Ok
2025-07-02 00:06:51.839: [INFO][SyncEngineBackend::DoStartSyncing] Start syncing
2025-07-02 00:08:02.615: [INFO][Sync] Reset engine, reason: 0
2025-07-02 00:08:02.615: [INFO][Sync] Reset engine with reason: 0
2025-07-02 00:23:18.125: [INFO][Sync] SyncState after authenticated was: FeatureCanStart
2025-07-02 00:23:18.627: [INFO][Sync] Try to start sync engine
2025-07-02 00:23:18.629: [INFO][SyncManagerImpl::NudgeForInitialDownload] Initial download nudge for Encryption Keys
2025-07-02 00:23:18.629: [INFO][SyncEngineBackend::LoadAndConnectNigoriController] Load and connect Nigori controller
2025-07-02 00:23:18.629: [INFO][SyncEngineBackend::DoInitialize] Control Types added: Encryption Keys
2025-07-02 00:23:18.629: [INFO][SyncManagerImpl::ConfigureSyncer] Types to download: Encryption Keys with reason: 3
2025-07-02 00:23:18.629: [INFO][SyncSchedulerImpl::DoConfigurationSyncCycleJob] Configure job was blocked
2025-07-02 00:23:18.660: [INFO][SyncAuthManager::SetLastAuthError] Current auth error: None
2025-07-02 00:23:18.661: [INFO][SyncAuthManager::EdgeLogTokenErrorState] Token error with: None for account type: MSA
2025-07-02 00:23:18.661: [INFO][Sync] Credentials changed for: EdgeSyncScopeNew
2025-07-02 00:23:19.786: [INFO][SyncAuthManager::SetLastAuthError] Current auth error: None
2025-07-02 00:23:19.786: [INFO][SyncAuthManager::EdgeLogTokenErrorState] Token error with: None for account type: MSA
2025-07-02 00:23:19.786: [INFO][Sync] Credentials changed for: EdgeSyncKeyDataScope
2025-07-02 00:23:19.786: [INFO][SyncEngineBackend::DoUpdateKeyDataCredentials] Update key data credentials
2025-07-02 00:23:19.786: [INFO][SyncEngineBackend::DoUpdateCredentials] Update credentials
2025-07-02 00:23:19.786: [INFO][SyncSchedulerImpl::DoConfigurationSyncCycleJob] Blocked types:  and types to download: Encryption Keys
2025-07-02 00:23:20.531: [INFO][Sync] Started DataTypeManager configuration, reason: 4
2025-07-02 00:23:20.531: [INFO][Sync] Configuring for: Bookmarks, Preferences, Passwords, Autofill Profiles, Autofill, Extensions, Sessions, Extension settings, History Delete Directives, Device Info, User Consents, Send Tab To Self, Web Apps, History, Saved Tab Group, WebAuthn Credentials, Collection, Edge E Drop, Edge Hub App Usage, Edge Wallet, Encryption Keys, reason: 4, current state: 0
2025-07-02 00:23:20.531: [WARN][Sync] Crypto error data types: Passwords, Autofill Profiles, Autofill
2025-07-02 00:23:20.534: [INFO][Sync] Configure, desired: Bookmarks, Preferences, Extensions, Sessions, Extension settings, History Delete Directives, Device Info, User Consents, Send Tab To Self, Web Apps, History, Saved Tab Group, WebAuthn Credentials, Collection, Edge E Drop, Edge Hub App Usage, Edge Wallet, Encryption Keys; Allow fail: Passwords, Autofill Profiles, Autofill
2025-07-02 00:23:20.534: [INFO][Sync] Loading: Bookmarks
2025-07-02 00:23:20.534: [INFO][Sync] Loading: Preferences
2025-07-02 00:23:20.534: [INFO][Sync] Loading: Extensions
2025-07-02 00:23:20.534: [INFO][Sync] Loading: Sessions
2025-07-02 00:23:20.534: [INFO][Sync] Loading: Extension settings
2025-07-02 00:23:20.534: [INFO][Sync] Loading: History Delete Directives
2025-07-02 00:23:20.534: [INFO][Sync] Loading: Device Info
2025-07-02 00:23:20.534: [INFO][Sync] Loading: User Consents
2025-07-02 00:23:20.534: [INFO][Sync] Loading: Send Tab To Self
2025-07-02 00:23:20.534: [INFO][Sync] Loading: Web Apps
2025-07-02 00:23:20.535: [INFO][Sync] Loading: History
2025-07-02 00:23:20.535: [INFO][Sync] Loading: Saved Tab Group
2025-07-02 00:23:20.535: [INFO][Sync] Loading: WebAuthn Credentials
2025-07-02 00:23:20.535: [INFO][Sync] Loading: Collection
2025-07-02 00:23:20.535: [INFO][Sync] Loading: Edge E Drop
2025-07-02 00:23:20.535: [INFO][Sync] Loading: Edge Hub App Usage
2025-07-02 00:23:20.535: [INFO][Sync] Loading: Edge Wallet
2025-07-02 00:23:20.544: [INFO][Sync] All data types are ready for configure.
2025-07-02 00:23:20.890: [INFO][Sync] Started DataTypeManager configuration, reason: 5
2025-07-02 00:23:20.890: [INFO][Sync] Configuring for: Bookmarks, Preferences, Passwords, Autofill Profiles, Autofill, Extensions, Sessions, Extension settings, History Delete Directives, Device Info, User Consents, Send Tab To Self, Web Apps, History, Saved Tab Group, WebAuthn Credentials, Collection, Edge E Drop, Edge Hub App Usage, Edge Wallet, Encryption Keys, reason: 5, current state: 1
2025-07-02 00:23:20.901: [INFO][SyncEngineBackend::DoStartConfiguration] Start configuration
2025-07-02 00:23:20.901: [INFO][SyncManagerImpl::ConfigureSyncer] Types to download:  with reason: 4
2025-07-02 00:23:20.901: [INFO][SyncEngineBackend::DoFinishConfigureDataTypes] Failed to download types:  and succeeded types: 
2025-07-02 00:23:20.901: [INFO][Sync] ConfigurationDone, failed: , succeeded: , remaining count: 4
2025-07-02 00:23:20.901: [WARN][Sync]     Reconfigure requested while configuration ongoing.
2025-07-02 00:23:20.901: [INFO][Sync] Configuring for: Bookmarks, Preferences, Passwords, Autofill Profiles, Autofill, Extensions, Sessions, Extension settings, History Delete Directives, Device Info, User Consents, Send Tab To Self, Web Apps, History, Saved Tab Group, WebAuthn Credentials, Collection, Edge E Drop, Edge Hub App Usage, Edge Wallet, Encryption Keys, reason: 5, current state: 2
2025-07-02 00:23:20.901: [INFO][Sync] Configure, desired: Bookmarks, Preferences, Passwords, Autofill Profiles, Autofill, Extensions, Sessions, Extension settings, History Delete Directives, Device Info, User Consents, Send Tab To Self, Web Apps, History, Saved Tab Group, WebAuthn Credentials, Collection, Edge E Drop, Edge Hub App Usage, Edge Wallet, Encryption Keys; Allow fail: 
2025-07-02 00:23:20.901: [INFO][Sync] Loading: Passwords
2025-07-02 00:23:20.901: [INFO][Sync] Loading: Autofill Profiles
2025-07-02 00:23:20.901: [INFO][Sync] Loading: Autofill
2025-07-02 00:23:20.901: [INFO][Sync] All data types are ready for configure.
2025-07-02 00:23:20.901: [INFO][SyncManagerImpl::NudgeForInitialDownload] Initial download nudge for Passwords
2025-07-02 00:23:20.901: [INFO][SyncManagerImpl::ConfigureSyncer] Types to download:  with reason: 5
2025-07-02 00:23:20.901: [INFO][SyncEngineBackend::DoFinishConfigureDataTypes] Failed to download types:  and succeeded types: 
2025-07-02 00:23:20.901: [INFO][Sync] ConfigurationDone, failed: , succeeded: , remaining count: 4
2025-07-02 00:23:20.901: [INFO][Sync] Prepare to configure types: Passwords, Encryption Keys
2025-07-02 00:23:20.901: [INFO][SyncManagerImpl::ConfigureSyncer] Types to download: Passwords, Encryption Keys with reason: 5
2025-07-02 00:23:20.901: [INFO][SyncSchedulerImpl::DoConfigurationSyncCycleJob] Blocked types:  and types to download: Passwords, Encryption Keys
2025-07-02 00:23:21.336: [INFO][SyncEngineBackend::DoFinishConfigureDataTypes] Failed to download types:  and succeeded types: Passwords, Encryption Keys
2025-07-02 00:23:21.338: [INFO][Sync] ConfigurationDone, failed: , succeeded: Passwords, Encryption Keys, remaining count: 3
2025-07-02 00:23:21.338: [INFO][SyncManagerImpl::ConfigureSyncer] Types to download:  with reason: 5
2025-07-02 00:23:21.338: [INFO][SyncEngineBackend::DoFinishConfigureDataTypes] Failed to download types:  and succeeded types: 
2025-07-02 00:23:21.338: [INFO][Sync] ConfigurationDone, failed: , succeeded: , remaining count: 2
2025-07-02 00:23:21.338: [INFO][SyncManagerImpl::ConfigureSyncer] Types to download:  with reason: 5
2025-07-02 00:23:21.338: [INFO][SyncEngineBackend::DoFinishConfigureDataTypes] Failed to download types:  and succeeded types: 
2025-07-02 00:23:21.342: [INFO][Sync] ConfigurationDone, failed: , succeeded: , remaining count: 1
2025-07-02 00:23:21.345: [INFO][SyncManagerImpl::ConfigureSyncer] Types to download:  with reason: 5
2025-07-02 00:23:21.345: [INFO][SyncEngineBackend::DoFinishConfigureDataTypes] Failed to download types:  and succeeded types: 
2025-07-02 00:23:21.345: [INFO][Sync] ConfigurationDone, failed: , succeeded: , remaining count: 0
2025-07-02 00:23:21.347: [INFO][Sync]     Configuration completed, state: 7
2025-07-02 00:23:21.348: [INFO][Sync] Configured DataTypeManager: Ok
2025-07-02 00:23:21.351: [INFO][SyncEngineBackend::DoStartSyncing] Start syncing
2025-07-02 00:24:55.168: [INFO][Sync] Reset engine, reason: 0
2025-07-02 00:24:55.168: [INFO][Sync] Reset engine with reason: 0
2025-07-02 00:29:34.671: [INFO][Sync] SyncState after authenticated was: FeatureCanStart
2025-07-02 00:29:35.094: [INFO][Sync] Try to start sync engine
2025-07-02 00:29:35.095: [INFO][SyncManagerImpl::NudgeForInitialDownload] Initial download nudge for Encryption Keys
2025-07-02 00:29:35.095: [INFO][SyncEngineBackend::LoadAndConnectNigoriController] Load and connect Nigori controller
2025-07-02 00:29:35.095: [INFO][SyncEngineBackend::DoInitialize] Control Types added: Encryption Keys
2025-07-02 00:29:35.095: [INFO][SyncManagerImpl::ConfigureSyncer] Types to download: Encryption Keys with reason: 3
2025-07-02 00:29:35.096: [INFO][SyncSchedulerImpl::DoConfigurationSyncCycleJob] Configure job was blocked
2025-07-02 00:29:35.135: [INFO][SyncAuthManager::SetLastAuthError] Current auth error: None
2025-07-02 00:29:35.135: [INFO][SyncAuthManager::EdgeLogTokenErrorState] Token error with: None for account type: MSA
2025-07-02 00:29:35.135: [INFO][Sync] Credentials changed for: EdgeSyncScopeNew
2025-07-02 00:29:35.760: [INFO][SyncAuthManager::SetLastAuthError] Current auth error: None
2025-07-02 00:29:35.760: [INFO][SyncAuthManager::EdgeLogTokenErrorState] Token error with: None for account type: MSA
2025-07-02 00:29:35.760: [INFO][Sync] Credentials changed for: EdgeSyncKeyDataScope
2025-07-02 00:29:35.760: [INFO][SyncEngineBackend::DoUpdateKeyDataCredentials] Update key data credentials
2025-07-02 00:29:35.760: [INFO][SyncEngineBackend::DoUpdateCredentials] Update credentials
2025-07-02 00:29:35.760: [INFO][SyncSchedulerImpl::DoConfigurationSyncCycleJob] Blocked types:  and types to download: Encryption Keys
2025-07-02 00:29:36.081: [INFO][Sync] Started DataTypeManager configuration, reason: 4
2025-07-02 00:29:36.081: [INFO][Sync] Configuring for: Bookmarks, Preferences, Passwords, Autofill Profiles, Autofill, Extensions, Sessions, Extension settings, History Delete Directives, Device Info, User Consents, Send Tab To Self, Web Apps, History, Saved Tab Group, WebAuthn Credentials, Collection, Edge E Drop, Edge Hub App Usage, Edge Wallet, Encryption Keys, reason: 4, current state: 0
2025-07-02 00:29:36.081: [WARN][Sync] Crypto error data types: Passwords, Autofill Profiles, Autofill
2025-07-02 00:29:36.084: [INFO][Sync] Configure, desired: Bookmarks, Preferences, Extensions, Sessions, Extension settings, History Delete Directives, Device Info, User Consents, Send Tab To Self, Web Apps, History, Saved Tab Group, WebAuthn Credentials, Collection, Edge E Drop, Edge Hub App Usage, Edge Wallet, Encryption Keys; Allow fail: Passwords, Autofill Profiles, Autofill
2025-07-02 00:29:36.084: [INFO][Sync] Loading: Bookmarks
2025-07-02 00:29:36.084: [INFO][Sync] Loading: Preferences
2025-07-02 00:29:36.084: [INFO][Sync] Loading: Extensions
2025-07-02 00:29:36.084: [INFO][Sync] Loading: Sessions
2025-07-02 00:29:36.084: [INFO][Sync] Loading: Extension settings
2025-07-02 00:29:36.084: [INFO][Sync] Loading: History Delete Directives
2025-07-02 00:29:36.084: [INFO][Sync] Loading: Device Info
2025-07-02 00:29:36.084: [INFO][Sync] Loading: User Consents
2025-07-02 00:29:36.084: [INFO][Sync] Loading: Send Tab To Self
2025-07-02 00:29:36.084: [INFO][Sync] Loading: Web Apps
2025-07-02 00:29:36.084: [INFO][Sync] Loading: History
2025-07-02 00:29:36.084: [INFO][Sync] Loading: Saved Tab Group
2025-07-02 00:29:36.084: [INFO][Sync] Loading: WebAuthn Credentials
2025-07-02 00:29:36.084: [INFO][Sync] Loading: Collection
2025-07-02 00:29:36.084: [INFO][Sync] Loading: Edge E Drop
2025-07-02 00:29:36.084: [INFO][Sync] Loading: Edge Hub App Usage
2025-07-02 00:29:36.084: [INFO][Sync] Loading: Edge Wallet
2025-07-02 00:29:36.092: [INFO][Sync] All data types are ready for configure.
2025-07-02 00:29:37.000: [INFO][Sync] Started DataTypeManager configuration, reason: 5
2025-07-02 00:29:37.000: [INFO][Sync] Configuring for: Bookmarks, Preferences, Passwords, Autofill Profiles, Autofill, Extensions, Sessions, Extension settings, History Delete Directives, Device Info, User Consents, Send Tab To Self, Web Apps, History, Saved Tab Group, WebAuthn Credentials, Collection, Edge E Drop, Edge Hub App Usage, Edge Wallet, Encryption Keys, reason: 5, current state: 1
2025-07-02 00:29:37.010: [INFO][SyncEngineBackend::DoStartConfiguration] Start configuration
2025-07-02 00:29:37.010: [INFO][SyncManagerImpl::ConfigureSyncer] Types to download:  with reason: 4
2025-07-02 00:29:37.010: [INFO][SyncEngineBackend::DoFinishConfigureDataTypes] Failed to download types:  and succeeded types: 
2025-07-02 00:29:37.010: [INFO][Sync] ConfigurationDone, failed: , succeeded: , remaining count: 4
2025-07-02 00:29:37.010: [WARN][Sync]     Reconfigure requested while configuration ongoing.
2025-07-02 00:29:37.010: [INFO][Sync] Configuring for: Bookmarks, Preferences, Passwords, Autofill Profiles, Autofill, Extensions, Sessions, Extension settings, History Delete Directives, Device Info, User Consents, Send Tab To Self, Web Apps, History, Saved Tab Group, WebAuthn Credentials, Collection, Edge E Drop, Edge Hub App Usage, Edge Wallet, Encryption Keys, reason: 5, current state: 2
2025-07-02 00:29:37.010: [INFO][Sync] Configure, desired: Bookmarks, Preferences, Passwords, Autofill Profiles, Autofill, Extensions, Sessions, Extension settings, History Delete Directives, Device Info, User Consents, Send Tab To Self, Web Apps, History, Saved Tab Group, WebAuthn Credentials, Collection, Edge E Drop, Edge Hub App Usage, Edge Wallet, Encryption Keys; Allow fail: 
2025-07-02 00:29:37.010: [INFO][Sync] Loading: Passwords
2025-07-02 00:29:37.010: [INFO][Sync] Loading: Autofill Profiles
2025-07-02 00:29:37.010: [INFO][Sync] Loading: Autofill
2025-07-02 00:29:37.010: [INFO][Sync] All data types are ready for configure.
2025-07-02 00:29:37.010: [INFO][SyncManagerImpl::NudgeForInitialDownload] Initial download nudge for Passwords
2025-07-02 00:29:37.011: [INFO][SyncManagerImpl::ConfigureSyncer] Types to download:  with reason: 5
2025-07-02 00:29:37.011: [INFO][SyncEngineBackend::DoFinishConfigureDataTypes] Failed to download types:  and succeeded types: 
2025-07-02 00:29:37.011: [INFO][Sync] ConfigurationDone, failed: , succeeded: , remaining count: 4
2025-07-02 00:29:37.011: [INFO][Sync] Prepare to configure types: Passwords, Encryption Keys
2025-07-02 00:29:37.011: [INFO][SyncManagerImpl::ConfigureSyncer] Types to download: Passwords, Encryption Keys with reason: 5
2025-07-02 00:29:37.011: [INFO][SyncSchedulerImpl::DoConfigurationSyncCycleJob] Blocked types:  and types to download: Passwords, Encryption Keys
2025-07-02 00:29:37.334: [INFO][SyncEngineBackend::DoFinishConfigureDataTypes] Failed to download types:  and succeeded types: Passwords, Encryption Keys
2025-07-02 00:29:37.336: [INFO][Sync] ConfigurationDone, failed: , succeeded: Passwords, Encryption Keys, remaining count: 3
2025-07-02 00:29:37.336: [INFO][SyncManagerImpl::ConfigureSyncer] Types to download:  with reason: 5
2025-07-02 00:29:37.336: [INFO][SyncEngineBackend::DoFinishConfigureDataTypes] Failed to download types:  and succeeded types: 
2025-07-02 00:29:37.336: [INFO][Sync] ConfigurationDone, failed: , succeeded: , remaining count: 2
2025-07-02 00:29:37.336: [INFO][SyncManagerImpl::ConfigureSyncer] Types to download:  with reason: 5
2025-07-02 00:29:37.336: [INFO][SyncEngineBackend::DoFinishConfigureDataTypes] Failed to download types:  and succeeded types: 
2025-07-02 00:29:37.336: [INFO][Sync] ConfigurationDone, failed: , succeeded: , remaining count: 1
2025-07-02 00:29:37.338: [INFO][SyncManagerImpl::ConfigureSyncer] Types to download:  with reason: 5
2025-07-02 00:29:37.338: [INFO][SyncEngineBackend::DoFinishConfigureDataTypes] Failed to download types:  and succeeded types: 
2025-07-02 00:29:37.341: [INFO][Sync] ConfigurationDone, failed: , succeeded: , remaining count: 0
2025-07-02 00:29:37.342: [INFO][Sync]     Configuration completed, state: 7
2025-07-02 00:29:37.343: [INFO][Sync] Configured DataTypeManager: Ok
2025-07-02 00:29:37.346: [INFO][SyncEngineBackend::DoStartSyncing] Start syncing
2025-07-02 00:31:42.766: [INFO][Sync] Reset engine, reason: 0
2025-07-02 00:31:42.766: [INFO][Sync] Reset engine with reason: 0
2025-07-02 13:43:53.582: [INFO][Sync] Reset engine, reason: 8
2025-07-02 13:43:53.582: [INFO][Sync] Stopped: Bookmarks
2025-07-02 13:43:53.582: [INFO][Sync] Stopped: Preferences
2025-07-02 13:43:53.582: [INFO][Sync] Stopped: Passwords
2025-07-02 13:43:53.582: [INFO][Sync] Stopped: Autofill Profiles
2025-07-02 13:43:53.582: [INFO][Sync] Stopped: Autofill
2025-07-02 13:43:53.582: [INFO][Sync] Stopped: Extensions
2025-07-02 13:43:53.582: [INFO][Sync] Stopped: Sessions
2025-07-02 13:43:53.582: [INFO][Sync] Stopped: Extension settings
2025-07-02 13:43:53.582: [INFO][Sync] Stopped: History Delete Directives
2025-07-02 13:43:53.582: [INFO][Sync] Stopped: Device Info
2025-07-02 13:43:53.582: [INFO][Sync] Stopped: User Consents
2025-07-02 13:43:53.582: [INFO][Sync] Stopped: Send Tab To Self
2025-07-02 13:43:53.582: [INFO][Sync] Stopped: Web Apps
2025-07-02 13:43:53.582: [INFO][Sync] Stopped: History
2025-07-02 13:43:53.582: [INFO][Sync] Stopped: Saved Tab Group
2025-07-02 13:43:53.582: [INFO][Sync] Stopped: WebAuthn Credentials
2025-07-02 13:43:53.582: [INFO][Sync] Stopped: Collection
2025-07-02 13:43:53.582: [INFO][Sync] Stopped: Edge E Drop
2025-07-02 13:43:53.582: [INFO][Sync] Stopped: Edge Hub App Usage
2025-07-02 13:43:53.582: [INFO][Sync] Stopped: Edge Wallet
2025-07-02 13:43:53.582: [INFO][Sync] SyncState after authenticated was: NotSignedIn
2025-07-02 13:43:53.701: [INFO][Sync] Reset engine, reason: 8
2025-07-02 13:43:53.701: [INFO][Sync] Stopped: Bookmarks
2025-07-02 13:43:53.701: [INFO][Sync] Stopped: Preferences
2025-07-02 13:43:53.701: [INFO][Sync] Stopped: Passwords
2025-07-02 13:43:53.701: [INFO][Sync] Stopped: Autofill Profiles
2025-07-02 13:43:53.701: [INFO][Sync] Stopped: Autofill
2025-07-02 13:43:53.701: [INFO][Sync] Stopped: Extensions
2025-07-02 13:43:53.701: [INFO][Sync] Stopped: Sessions
2025-07-02 13:43:53.701: [INFO][Sync] Stopped: Extension settings
2025-07-02 13:43:53.701: [INFO][Sync] Stopped: History Delete Directives
2025-07-02 13:43:53.701: [INFO][Sync] Stopped: Device Info
2025-07-02 13:43:53.701: [INFO][Sync] Stopped: User Consents
2025-07-02 13:43:53.701: [INFO][Sync] Stopped: Send Tab To Self
2025-07-02 13:43:53.701: [INFO][Sync] Stopped: Web Apps
2025-07-02 13:43:53.701: [INFO][Sync] Stopped: History
2025-07-02 13:43:53.701: [INFO][Sync] Stopped: Saved Tab Group
2025-07-02 13:43:53.701: [INFO][Sync] Stopped: WebAuthn Credentials
2025-07-02 13:43:53.701: [INFO][Sync] Stopped: Collection
2025-07-02 13:43:53.701: [INFO][Sync] Stopped: Edge E Drop
2025-07-02 13:43:53.701: [INFO][Sync] Stopped: Edge Hub App Usage
2025-07-02 13:43:53.701: [INFO][Sync] Stopped: Edge Wallet
2025-07-02 13:46:27.182: [INFO][Sync] Reset engine, reason: 0
2025-07-02 13:47:31.713: [INFO][Sync] Reset engine, reason: 8
2025-07-02 13:47:31.713: [INFO][Sync] Stopped: Bookmarks
2025-07-02 13:47:31.713: [INFO][Sync] Stopped: Preferences
2025-07-02 13:47:31.713: [INFO][Sync] Stopped: Passwords
2025-07-02 13:47:31.713: [INFO][Sync] Stopped: Autofill Profiles
2025-07-02 13:47:31.713: [INFO][Sync] Stopped: Autofill
2025-07-02 13:47:31.713: [INFO][Sync] Stopped: Extensions
2025-07-02 13:47:31.713: [INFO][Sync] Stopped: Sessions
2025-07-02 13:47:31.713: [INFO][Sync] Stopped: Extension settings
2025-07-02 13:47:31.713: [INFO][Sync] Stopped: History Delete Directives
2025-07-02 13:47:31.713: [INFO][Sync] Stopped: Device Info
2025-07-02 13:47:31.713: [INFO][Sync] Stopped: User Consents
2025-07-02 13:47:31.714: [INFO][Sync] Stopped: Send Tab To Self
2025-07-02 13:47:31.714: [INFO][Sync] Stopped: Web Apps
2025-07-02 13:47:31.714: [INFO][Sync] Stopped: History
2025-07-02 13:47:31.714: [INFO][Sync] Stopped: Saved Tab Group
2025-07-02 13:47:31.714: [INFO][Sync] Stopped: WebAuthn Credentials
2025-07-02 13:47:31.714: [INFO][Sync] Stopped: Collection
2025-07-02 13:47:31.714: [INFO][Sync] Stopped: Edge E Drop
2025-07-02 13:47:31.714: [INFO][Sync] Stopped: Edge Hub App Usage
2025-07-02 13:47:31.714: [INFO][Sync] Stopped: Edge Wallet
2025-07-02 13:47:31.714: [INFO][Sync] SyncState after authenticated was: NotSignedIn
2025-07-02 13:47:31.834: [INFO][Sync] Reset engine, reason: 8
2025-07-02 13:47:31.834: [INFO][Sync] Stopped: Bookmarks
2025-07-02 13:47:31.834: [INFO][Sync] Stopped: Preferences
2025-07-02 13:47:31.834: [INFO][Sync] Stopped: Passwords
2025-07-02 13:47:31.834: [INFO][Sync] Stopped: Autofill Profiles
2025-07-02 13:47:31.834: [INFO][Sync] Stopped: Autofill
2025-07-02 13:47:31.834: [INFO][Sync] Stopped: Extensions
2025-07-02 13:47:31.834: [INFO][Sync] Stopped: Sessions
2025-07-02 13:47:31.834: [INFO][Sync] Stopped: Extension settings
2025-07-02 13:47:31.834: [INFO][Sync] Stopped: History Delete Directives
2025-07-02 13:47:31.834: [INFO][Sync] Stopped: Device Info
2025-07-02 13:47:31.834: [INFO][Sync] Stopped: User Consents
2025-07-02 13:47:31.834: [INFO][Sync] Stopped: Send Tab To Self
2025-07-02 13:47:31.834: [INFO][Sync] Stopped: Web Apps
2025-07-02 13:47:31.834: [INFO][Sync] Stopped: History
2025-07-02 13:47:31.834: [INFO][Sync] Stopped: Saved Tab Group
2025-07-02 13:47:31.834: [INFO][Sync] Stopped: WebAuthn Credentials
2025-07-02 13:47:31.834: [INFO][Sync] Stopped: Collection
2025-07-02 13:47:31.834: [INFO][Sync] Stopped: Edge E Drop
2025-07-02 13:47:31.834: [INFO][Sync] Stopped: Edge Hub App Usage
2025-07-02 13:47:31.834: [INFO][Sync] Stopped: Edge Wallet
2025-07-02 13:52:33.002: [INFO][Sync] Reset engine, reason: 0
2025-07-02 13:52:51.326: [INFO][Sync] Reset engine, reason: 8
2025-07-02 13:52:51.326: [INFO][Sync] Stopped: Bookmarks
2025-07-02 13:52:51.326: [INFO][Sync] Stopped: Preferences
2025-07-02 13:52:51.327: [INFO][Sync] Stopped: Passwords
2025-07-02 13:52:51.327: [INFO][Sync] Stopped: Autofill Profiles
2025-07-02 13:52:51.327: [INFO][Sync] Stopped: Autofill
2025-07-02 13:52:51.327: [INFO][Sync] Stopped: Extensions
2025-07-02 13:52:51.327: [INFO][Sync] Stopped: Sessions
2025-07-02 13:52:51.327: [INFO][Sync] Stopped: Extension settings
2025-07-02 13:52:51.327: [INFO][Sync] Stopped: History Delete Directives
2025-07-02 13:52:51.327: [INFO][Sync] Stopped: Device Info
2025-07-02 13:52:51.327: [INFO][Sync] Stopped: User Consents
2025-07-02 13:52:51.327: [INFO][Sync] Stopped: Send Tab To Self
2025-07-02 13:52:51.327: [INFO][Sync] Stopped: Web Apps
2025-07-02 13:52:51.327: [INFO][Sync] Stopped: History
2025-07-02 13:52:51.327: [INFO][Sync] Stopped: Saved Tab Group
2025-07-02 13:52:51.327: [INFO][Sync] Stopped: WebAuthn Credentials
2025-07-02 13:52:51.327: [INFO][Sync] Stopped: Collection
2025-07-02 13:52:51.327: [INFO][Sync] Stopped: Edge E Drop
2025-07-02 13:52:51.327: [INFO][Sync] Stopped: Edge Hub App Usage
2025-07-02 13:52:51.327: [INFO][Sync] Stopped: Edge Wallet
2025-07-02 13:52:51.327: [INFO][Sync] SyncState after authenticated was: NotSignedIn
2025-07-02 13:52:51.443: [INFO][Sync] Reset engine, reason: 8
2025-07-02 13:52:51.443: [INFO][Sync] Stopped: Bookmarks
2025-07-02 13:52:51.443: [INFO][Sync] Stopped: Preferences
2025-07-02 13:52:51.443: [INFO][Sync] Stopped: Passwords
2025-07-02 13:52:51.443: [INFO][Sync] Stopped: Autofill Profiles
2025-07-02 13:52:51.443: [INFO][Sync] Stopped: Autofill
2025-07-02 13:52:51.443: [INFO][Sync] Stopped: Extensions
2025-07-02 13:52:51.443: [INFO][Sync] Stopped: Sessions
2025-07-02 13:52:51.443: [INFO][Sync] Stopped: Extension settings
2025-07-02 13:52:51.443: [INFO][Sync] Stopped: History Delete Directives
2025-07-02 13:52:51.443: [INFO][Sync] Stopped: Device Info
2025-07-02 13:52:51.443: [INFO][Sync] Stopped: User Consents
2025-07-02 13:52:51.443: [INFO][Sync] Stopped: Send Tab To Self
2025-07-02 13:52:51.443: [INFO][Sync] Stopped: Web Apps
2025-07-02 13:52:51.443: [INFO][Sync] Stopped: History
2025-07-02 13:52:51.443: [INFO][Sync] Stopped: Saved Tab Group
2025-07-02 13:52:51.443: [INFO][Sync] Stopped: WebAuthn Credentials
2025-07-02 13:52:51.443: [INFO][Sync] Stopped: Collection
2025-07-02 13:52:51.443: [INFO][Sync] Stopped: Edge E Drop
2025-07-02 13:52:51.443: [INFO][Sync] Stopped: Edge Hub App Usage
2025-07-02 13:52:51.443: [INFO][Sync] Stopped: Edge Wallet
2025-07-02 13:54:35.305: [INFO][Sync] Reset engine, reason: 0
2025-07-02 13:56:46.953: [INFO][Sync] Reset engine, reason: 8
2025-07-02 13:56:46.953: [INFO][Sync] Stopped: Bookmarks
2025-07-02 13:56:46.953: [INFO][Sync] Stopped: Preferences
2025-07-02 13:56:46.953: [INFO][Sync] Stopped: Passwords
2025-07-02 13:56:46.953: [INFO][Sync] Stopped: Autofill Profiles
2025-07-02 13:56:46.953: [INFO][Sync] Stopped: Autofill
2025-07-02 13:56:46.953: [INFO][Sync] Stopped: Extensions
2025-07-02 13:56:46.953: [INFO][Sync] Stopped: Sessions
2025-07-02 13:56:46.953: [INFO][Sync] Stopped: Extension settings
2025-07-02 13:56:46.953: [INFO][Sync] Stopped: History Delete Directives
2025-07-02 13:56:46.953: [INFO][Sync] Stopped: Device Info
2025-07-02 13:56:46.953: [INFO][Sync] Stopped: User Consents
2025-07-02 13:56:46.953: [INFO][Sync] Stopped: Send Tab To Self
2025-07-02 13:56:46.953: [INFO][Sync] Stopped: Web Apps
2025-07-02 13:56:46.953: [INFO][Sync] Stopped: History
2025-07-02 13:56:46.953: [INFO][Sync] Stopped: Saved Tab Group
2025-07-02 13:56:46.953: [INFO][Sync] Stopped: WebAuthn Credentials
2025-07-02 13:56:46.953: [INFO][Sync] Stopped: Collection
2025-07-02 13:56:46.953: [INFO][Sync] Stopped: Edge E Drop
2025-07-02 13:56:46.953: [INFO][Sync] Stopped: Edge Hub App Usage
2025-07-02 13:56:46.953: [INFO][Sync] Stopped: Edge Wallet
2025-07-02 13:56:46.954: [INFO][Sync] SyncState after authenticated was: NotSignedIn
2025-07-02 13:56:47.070: [INFO][Sync] Reset engine, reason: 8
2025-07-02 13:56:47.070: [INFO][Sync] Stopped: Bookmarks
2025-07-02 13:56:47.070: [INFO][Sync] Stopped: Preferences
2025-07-02 13:56:47.070: [INFO][Sync] Stopped: Passwords
2025-07-02 13:56:47.070: [INFO][Sync] Stopped: Autofill Profiles
2025-07-02 13:56:47.070: [INFO][Sync] Stopped: Autofill
2025-07-02 13:56:47.070: [INFO][Sync] Stopped: Extensions
2025-07-02 13:56:47.070: [INFO][Sync] Stopped: Sessions
2025-07-02 13:56:47.070: [INFO][Sync] Stopped: Extension settings
2025-07-02 13:56:47.070: [INFO][Sync] Stopped: History Delete Directives
2025-07-02 13:56:47.070: [INFO][Sync] Stopped: Device Info
2025-07-02 13:56:47.070: [INFO][Sync] Stopped: User Consents
2025-07-02 13:56:47.070: [INFO][Sync] Stopped: Send Tab To Self
2025-07-02 13:56:47.070: [INFO][Sync] Stopped: Web Apps
2025-07-02 13:56:47.070: [INFO][Sync] Stopped: History
2025-07-02 13:56:47.070: [INFO][Sync] Stopped: Saved Tab Group
2025-07-02 13:56:47.070: [INFO][Sync] Stopped: WebAuthn Credentials
2025-07-02 13:56:47.070: [INFO][Sync] Stopped: Collection
2025-07-02 13:56:47.070: [INFO][Sync] Stopped: Edge E Drop
2025-07-02 13:56:47.070: [INFO][Sync] Stopped: Edge Hub App Usage
2025-07-02 13:56:47.070: [INFO][Sync] Stopped: Edge Wallet
2025-07-02 13:59:23.978: [INFO][Sync] Reset engine, reason: 0
2025-07-02 14:03:21.044: [INFO][Sync] Reset engine, reason: 8
2025-07-02 14:03:21.044: [INFO][Sync] Stopped: Bookmarks
2025-07-02 14:03:21.044: [INFO][Sync] Stopped: Preferences
2025-07-02 14:03:21.044: [INFO][Sync] Stopped: Passwords
2025-07-02 14:03:21.044: [INFO][Sync] Stopped: Autofill Profiles
2025-07-02 14:03:21.044: [INFO][Sync] Stopped: Autofill
2025-07-02 14:03:21.044: [INFO][Sync] Stopped: Extensions
2025-07-02 14:03:21.044: [INFO][Sync] Stopped: Sessions
2025-07-02 14:03:21.044: [INFO][Sync] Stopped: Extension settings
2025-07-02 14:03:21.044: [INFO][Sync] Stopped: History Delete Directives
2025-07-02 14:03:21.044: [INFO][Sync] Stopped: Device Info
2025-07-02 14:03:21.044: [INFO][Sync] Stopped: User Consents
2025-07-02 14:03:21.044: [INFO][Sync] Stopped: Send Tab To Self
2025-07-02 14:03:21.044: [INFO][Sync] Stopped: Web Apps
2025-07-02 14:03:21.044: [INFO][Sync] Stopped: History
2025-07-02 14:03:21.044: [INFO][Sync] Stopped: Saved Tab Group
2025-07-02 14:03:21.044: [INFO][Sync] Stopped: WebAuthn Credentials
2025-07-02 14:03:21.044: [INFO][Sync] Stopped: Collection
2025-07-02 14:03:21.044: [INFO][Sync] Stopped: Edge E Drop
2025-07-02 14:03:21.044: [INFO][Sync] Stopped: Edge Hub App Usage
2025-07-02 14:03:21.044: [INFO][Sync] Stopped: Edge Wallet
2025-07-02 14:03:21.044: [INFO][Sync] SyncState after authenticated was: NotSignedIn
2025-07-02 14:03:21.156: [INFO][Sync] Reset engine, reason: 8
2025-07-02 14:03:21.156: [INFO][Sync] Stopped: Bookmarks
2025-07-02 14:03:21.156: [INFO][Sync] Stopped: Preferences
2025-07-02 14:03:21.156: [INFO][Sync] Stopped: Passwords
2025-07-02 14:03:21.156: [INFO][Sync] Stopped: Autofill Profiles
2025-07-02 14:03:21.156: [INFO][Sync] Stopped: Autofill
2025-07-02 14:03:21.156: [INFO][Sync] Stopped: Extensions
2025-07-02 14:03:21.156: [INFO][Sync] Stopped: Sessions
2025-07-02 14:03:21.156: [INFO][Sync] Stopped: Extension settings
2025-07-02 14:03:21.156: [INFO][Sync] Stopped: History Delete Directives
2025-07-02 14:03:21.156: [INFO][Sync] Stopped: Device Info
2025-07-02 14:03:21.156: [INFO][Sync] Stopped: User Consents
2025-07-02 14:03:21.156: [INFO][Sync] Stopped: Send Tab To Self
2025-07-02 14:03:21.156: [INFO][Sync] Stopped: Web Apps
2025-07-02 14:03:21.156: [INFO][Sync] Stopped: History
2025-07-02 14:03:21.156: [INFO][Sync] Stopped: Saved Tab Group
2025-07-02 14:03:21.156: [INFO][Sync] Stopped: WebAuthn Credentials
2025-07-02 14:03:21.156: [INFO][Sync] Stopped: Collection
2025-07-02 14:03:21.156: [INFO][Sync] Stopped: Edge E Drop
2025-07-02 14:03:21.156: [INFO][Sync] Stopped: Edge Hub App Usage
2025-07-02 14:03:21.156: [INFO][Sync] Stopped: Edge Wallet
2025-07-02 14:04:55.493: [INFO][Sync] Reset engine, reason: 0
2025-07-02 14:35:13.732: [INFO][Sync] Reset engine, reason: 8
2025-07-02 14:35:13.732: [INFO][Sync] Stopped: Bookmarks
2025-07-02 14:35:13.732: [INFO][Sync] Stopped: Preferences
2025-07-02 14:35:13.732: [INFO][Sync] Stopped: Passwords
2025-07-02 14:35:13.732: [INFO][Sync] Stopped: Autofill Profiles
2025-07-02 14:35:13.732: [INFO][Sync] Stopped: Autofill
2025-07-02 14:35:13.732: [INFO][Sync] Stopped: Extensions
2025-07-02 14:35:13.732: [INFO][Sync] Stopped: Sessions
2025-07-02 14:35:13.732: [INFO][Sync] Stopped: Extension settings
2025-07-02 14:35:13.732: [INFO][Sync] Stopped: History Delete Directives
2025-07-02 14:35:13.733: [INFO][Sync] Stopped: Device Info
2025-07-02 14:35:13.733: [INFO][Sync] Stopped: User Consents
2025-07-02 14:35:13.733: [INFO][Sync] Stopped: Send Tab To Self
2025-07-02 14:35:13.733: [INFO][Sync] Stopped: Web Apps
2025-07-02 14:35:13.733: [INFO][Sync] Stopped: History
2025-07-02 14:35:13.733: [INFO][Sync] Stopped: Saved Tab Group
2025-07-02 14:35:13.733: [INFO][Sync] Stopped: WebAuthn Credentials
2025-07-02 14:35:13.733: [INFO][Sync] Stopped: Collection
2025-07-02 14:35:13.733: [INFO][Sync] Stopped: Edge E Drop
2025-07-02 14:35:13.733: [INFO][Sync] Stopped: Edge Hub App Usage
2025-07-02 14:35:13.733: [INFO][Sync] Stopped: Edge Wallet
2025-07-02 14:35:13.733: [INFO][Sync] SyncState after authenticated was: NotSignedIn
2025-07-02 14:35:13.852: [INFO][Sync] Reset engine, reason: 8
2025-07-02 14:35:13.852: [INFO][Sync] Stopped: Bookmarks
2025-07-02 14:35:13.852: [INFO][Sync] Stopped: Preferences
2025-07-02 14:35:13.852: [INFO][Sync] Stopped: Passwords
2025-07-02 14:35:13.852: [INFO][Sync] Stopped: Autofill Profiles
2025-07-02 14:35:13.852: [INFO][Sync] Stopped: Autofill
2025-07-02 14:35:13.852: [INFO][Sync] Stopped: Extensions
2025-07-02 14:35:13.852: [INFO][Sync] Stopped: Sessions
2025-07-02 14:35:13.852: [INFO][Sync] Stopped: Extension settings
2025-07-02 14:35:13.852: [INFO][Sync] Stopped: History Delete Directives
2025-07-02 14:35:13.852: [INFO][Sync] Stopped: Device Info
2025-07-02 14:35:13.852: [INFO][Sync] Stopped: User Consents
2025-07-02 14:35:13.852: [INFO][Sync] Stopped: Send Tab To Self
2025-07-02 14:35:13.852: [INFO][Sync] Stopped: Web Apps
2025-07-02 14:35:13.852: [INFO][Sync] Stopped: History
2025-07-02 14:35:13.852: [INFO][Sync] Stopped: Saved Tab Group
2025-07-02 14:35:13.852: [INFO][Sync] Stopped: WebAuthn Credentials
2025-07-02 14:35:13.852: [INFO][Sync] Stopped: Collection
2025-07-02 14:35:13.852: [INFO][Sync] Stopped: Edge E Drop
2025-07-02 14:35:13.852: [INFO][Sync] Stopped: Edge Hub App Usage
2025-07-02 14:35:13.852: [INFO][Sync] Stopped: Edge Wallet
2025-07-02 14:35:20.160: [INFO][Sync] Reset engine, reason: 0
2025-07-02 14:40:46.656: [INFO][Sync] Reset engine, reason: 8
2025-07-02 14:40:46.656: [INFO][Sync] Stopped: Bookmarks
2025-07-02 14:40:46.656: [INFO][Sync] Stopped: Preferences
2025-07-02 14:40:46.656: [INFO][Sync] Stopped: Passwords
2025-07-02 14:40:46.656: [INFO][Sync] Stopped: Autofill Profiles
2025-07-02 14:40:46.656: [INFO][Sync] Stopped: Autofill
2025-07-02 14:40:46.656: [INFO][Sync] Stopped: Extensions
2025-07-02 14:40:46.656: [INFO][Sync] Stopped: Sessions
2025-07-02 14:40:46.656: [INFO][Sync] Stopped: Extension settings
2025-07-02 14:40:46.656: [INFO][Sync] Stopped: History Delete Directives
2025-07-02 14:40:46.656: [INFO][Sync] Stopped: Device Info
2025-07-02 14:40:46.656: [INFO][Sync] Stopped: User Consents
2025-07-02 14:40:46.656: [INFO][Sync] Stopped: Send Tab To Self
2025-07-02 14:40:46.656: [INFO][Sync] Stopped: Web Apps
2025-07-02 14:40:46.656: [INFO][Sync] Stopped: History
2025-07-02 14:40:46.656: [INFO][Sync] Stopped: Saved Tab Group
2025-07-02 14:40:46.656: [INFO][Sync] Stopped: WebAuthn Credentials
2025-07-02 14:40:46.656: [INFO][Sync] Stopped: Collection
2025-07-02 14:40:46.656: [INFO][Sync] Stopped: Edge E Drop
2025-07-02 14:40:46.656: [INFO][Sync] Stopped: Edge Hub App Usage
2025-07-02 14:40:46.656: [INFO][Sync] Stopped: Edge Wallet
2025-07-02 14:40:46.656: [INFO][Sync] SyncState after authenticated was: NotSignedIn
2025-07-02 14:40:46.770: [INFO][Sync] Reset engine, reason: 8
2025-07-02 14:40:46.770: [INFO][Sync] Stopped: Bookmarks
2025-07-02 14:40:46.770: [INFO][Sync] Stopped: Preferences
2025-07-02 14:40:46.770: [INFO][Sync] Stopped: Passwords
2025-07-02 14:40:46.770: [INFO][Sync] Stopped: Autofill Profiles
2025-07-02 14:40:46.770: [INFO][Sync] Stopped: Autofill
2025-07-02 14:40:46.770: [INFO][Sync] Stopped: Extensions
2025-07-02 14:40:46.770: [INFO][Sync] Stopped: Sessions
2025-07-02 14:40:46.770: [INFO][Sync] Stopped: Extension settings
2025-07-02 14:40:46.770: [INFO][Sync] Stopped: History Delete Directives
2025-07-02 14:40:46.770: [INFO][Sync] Stopped: Device Info
2025-07-02 14:40:46.770: [INFO][Sync] Stopped: User Consents
2025-07-02 14:40:46.770: [INFO][Sync] Stopped: Send Tab To Self
2025-07-02 14:40:46.770: [INFO][Sync] Stopped: Web Apps
2025-07-02 14:40:46.770: [INFO][Sync] Stopped: History
2025-07-02 14:40:46.770: [INFO][Sync] Stopped: Saved Tab Group
2025-07-02 14:40:46.770: [INFO][Sync] Stopped: WebAuthn Credentials
2025-07-02 14:40:46.770: [INFO][Sync] Stopped: Collection
2025-07-02 14:40:46.770: [INFO][Sync] Stopped: Edge E Drop
2025-07-02 14:40:46.770: [INFO][Sync] Stopped: Edge Hub App Usage
2025-07-02 14:40:46.770: [INFO][Sync] Stopped: Edge Wallet
2025-07-02 14:41:07.276: [INFO][Sync] Reset engine, reason: 0
2025-07-02 15:55:41.816: [INFO][Sync] Reset engine, reason: 8
2025-07-02 15:55:41.816: [INFO][Sync] Stopped: Bookmarks
2025-07-02 15:55:41.816: [INFO][Sync] Stopped: Preferences
2025-07-02 15:55:41.816: [INFO][Sync] Stopped: Passwords
2025-07-02 15:55:41.816: [INFO][Sync] Stopped: Autofill Profiles
2025-07-02 15:55:41.816: [INFO][Sync] Stopped: Autofill
2025-07-02 15:55:41.816: [INFO][Sync] Stopped: Extensions
2025-07-02 15:55:41.816: [INFO][Sync] Stopped: Sessions
2025-07-02 15:55:41.816: [INFO][Sync] Stopped: Extension settings
2025-07-02 15:55:41.816: [INFO][Sync] Stopped: History Delete Directives
2025-07-02 15:55:41.816: [INFO][Sync] Stopped: Device Info
2025-07-02 15:55:41.816: [INFO][Sync] Stopped: User Consents
2025-07-02 15:55:41.816: [INFO][Sync] Stopped: Send Tab To Self
2025-07-02 15:55:41.816: [INFO][Sync] Stopped: Web Apps
2025-07-02 15:55:41.816: [INFO][Sync] Stopped: History
2025-07-02 15:55:41.816: [INFO][Sync] Stopped: Saved Tab Group
2025-07-02 15:55:41.816: [INFO][Sync] Stopped: WebAuthn Credentials
2025-07-02 15:55:41.816: [INFO][Sync] Stopped: Collection
2025-07-02 15:55:41.816: [INFO][Sync] Stopped: Edge E Drop
2025-07-02 15:55:41.816: [INFO][Sync] Stopped: Edge Hub App Usage
2025-07-02 15:55:41.816: [INFO][Sync] Stopped: Edge Wallet
2025-07-02 15:55:41.816: [INFO][Sync] SyncState after authenticated was: NotSignedIn
2025-07-02 15:55:41.957: [INFO][Sync] Reset engine, reason: 8
2025-07-02 15:55:41.957: [INFO][Sync] Stopped: Bookmarks
2025-07-02 15:55:41.957: [INFO][Sync] Stopped: Preferences
2025-07-02 15:55:41.957: [INFO][Sync] Stopped: Passwords
2025-07-02 15:55:41.957: [INFO][Sync] Stopped: Autofill Profiles
2025-07-02 15:55:41.957: [INFO][Sync] Stopped: Autofill
2025-07-02 15:55:41.957: [INFO][Sync] Stopped: Extensions
2025-07-02 15:55:41.957: [INFO][Sync] Stopped: Sessions
2025-07-02 15:55:41.957: [INFO][Sync] Stopped: Extension settings
2025-07-02 15:55:41.957: [INFO][Sync] Stopped: History Delete Directives
2025-07-02 15:55:41.957: [INFO][Sync] Stopped: Device Info
2025-07-02 15:55:41.957: [INFO][Sync] Stopped: User Consents
2025-07-02 15:55:41.957: [INFO][Sync] Stopped: Send Tab To Self
2025-07-02 15:55:41.957: [INFO][Sync] Stopped: Web Apps
2025-07-02 15:55:41.957: [INFO][Sync] Stopped: History
2025-07-02 15:55:41.957: [INFO][Sync] Stopped: Saved Tab Group
2025-07-02 15:55:41.957: [INFO][Sync] Stopped: WebAuthn Credentials
2025-07-02 15:55:41.957: [INFO][Sync] Stopped: Collection
2025-07-02 15:55:41.957: [INFO][Sync] Stopped: Edge E Drop
2025-07-02 15:55:41.957: [INFO][Sync] Stopped: Edge Hub App Usage
2025-07-02 15:55:41.957: [INFO][Sync] Stopped: Edge Wallet
2025-07-02 15:56:16.244: [INFO][Sync] Reset engine, reason: 0
2025-07-02 16:38:12.094: [INFO][Sync] Reset engine, reason: 8
2025-07-02 16:38:12.094: [INFO][Sync] Stopped: Bookmarks
2025-07-02 16:38:12.094: [INFO][Sync] Stopped: Preferences
2025-07-02 16:38:12.094: [INFO][Sync] Stopped: Passwords
2025-07-02 16:38:12.094: [INFO][Sync] Stopped: Autofill Profiles
2025-07-02 16:38:12.094: [INFO][Sync] Stopped: Autofill
2025-07-02 16:38:12.094: [INFO][Sync] Stopped: Extensions
2025-07-02 16:38:12.094: [INFO][Sync] Stopped: Sessions
2025-07-02 16:38:12.094: [INFO][Sync] Stopped: Extension settings
2025-07-02 16:38:12.094: [INFO][Sync] Stopped: History Delete Directives
2025-07-02 16:38:12.094: [INFO][Sync] Stopped: Device Info
2025-07-02 16:38:12.094: [INFO][Sync] Stopped: User Consents
2025-07-02 16:38:12.094: [INFO][Sync] Stopped: Send Tab To Self
2025-07-02 16:38:12.094: [INFO][Sync] Stopped: Web Apps
2025-07-02 16:38:12.094: [INFO][Sync] Stopped: History
2025-07-02 16:38:12.094: [INFO][Sync] Stopped: Saved Tab Group
2025-07-02 16:38:12.094: [INFO][Sync] Stopped: WebAuthn Credentials
2025-07-02 16:38:12.094: [INFO][Sync] Stopped: Collection
2025-07-02 16:38:12.094: [INFO][Sync] Stopped: Edge E Drop
2025-07-02 16:38:12.094: [INFO][Sync] Stopped: Edge Hub App Usage
2025-07-02 16:38:12.094: [INFO][Sync] Stopped: Edge Wallet
2025-07-02 16:38:12.094: [INFO][Sync] SyncState after authenticated was: NotSignedIn
2025-07-02 16:38:12.206: [INFO][Sync] Reset engine, reason: 8
2025-07-02 16:38:12.206: [INFO][Sync] Stopped: Bookmarks
2025-07-02 16:38:12.206: [INFO][Sync] Stopped: Preferences
2025-07-02 16:38:12.206: [INFO][Sync] Stopped: Passwords
2025-07-02 16:38:12.206: [INFO][Sync] Stopped: Autofill Profiles
2025-07-02 16:38:12.206: [INFO][Sync] Stopped: Autofill
2025-07-02 16:38:12.206: [INFO][Sync] Stopped: Extensions
2025-07-02 16:38:12.206: [INFO][Sync] Stopped: Sessions
2025-07-02 16:38:12.206: [INFO][Sync] Stopped: Extension settings
2025-07-02 16:38:12.206: [INFO][Sync] Stopped: History Delete Directives
2025-07-02 16:38:12.206: [INFO][Sync] Stopped: Device Info
2025-07-02 16:38:12.206: [INFO][Sync] Stopped: User Consents
2025-07-02 16:38:12.206: [INFO][Sync] Stopped: Send Tab To Self
2025-07-02 16:38:12.206: [INFO][Sync] Stopped: Web Apps
2025-07-02 16:38:12.206: [INFO][Sync] Stopped: History
2025-07-02 16:38:12.206: [INFO][Sync] Stopped: Saved Tab Group
2025-07-02 16:38:12.206: [INFO][Sync] Stopped: WebAuthn Credentials
2025-07-02 16:38:12.206: [INFO][Sync] Stopped: Collection
2025-07-02 16:38:12.206: [INFO][Sync] Stopped: Edge E Drop
2025-07-02 16:38:12.206: [INFO][Sync] Stopped: Edge Hub App Usage
2025-07-02 16:38:12.206: [INFO][Sync] Stopped: Edge Wallet
2025-07-02 16:39:27.078: [INFO][Sync] Reset engine, reason: 0
2025-07-02 16:43:10.181: [INFO][Sync] Reset engine, reason: 8
2025-07-02 16:43:10.181: [INFO][Sync] Stopped: Bookmarks
2025-07-02 16:43:10.181: [INFO][Sync] Stopped: Preferences
2025-07-02 16:43:10.181: [INFO][Sync] Stopped: Passwords
2025-07-02 16:43:10.181: [INFO][Sync] Stopped: Autofill Profiles
2025-07-02 16:43:10.181: [INFO][Sync] Stopped: Autofill
2025-07-02 16:43:10.181: [INFO][Sync] Stopped: Extensions
2025-07-02 16:43:10.181: [INFO][Sync] Stopped: Sessions
2025-07-02 16:43:10.181: [INFO][Sync] Stopped: Extension settings
2025-07-02 16:43:10.181: [INFO][Sync] Stopped: History Delete Directives
2025-07-02 16:43:10.181: [INFO][Sync] Stopped: Device Info
2025-07-02 16:43:10.181: [INFO][Sync] Stopped: User Consents
2025-07-02 16:43:10.181: [INFO][Sync] Stopped: Send Tab To Self
2025-07-02 16:43:10.181: [INFO][Sync] Stopped: Web Apps
2025-07-02 16:43:10.181: [INFO][Sync] Stopped: History
2025-07-02 16:43:10.181: [INFO][Sync] Stopped: Saved Tab Group
2025-07-02 16:43:10.181: [INFO][Sync] Stopped: WebAuthn Credentials
2025-07-02 16:43:10.181: [INFO][Sync] Stopped: Collection
2025-07-02 16:43:10.181: [INFO][Sync] Stopped: Edge E Drop
2025-07-02 16:43:10.181: [INFO][Sync] Stopped: Edge Hub App Usage
2025-07-02 16:43:10.181: [INFO][Sync] Stopped: Edge Wallet
2025-07-02 16:43:10.182: [INFO][Sync] SyncState after authenticated was: NotSignedIn
2025-07-02 16:43:10.310: [INFO][Sync] Reset engine, reason: 8
2025-07-02 16:43:10.310: [INFO][Sync] Stopped: Bookmarks
2025-07-02 16:43:10.310: [INFO][Sync] Stopped: Preferences
2025-07-02 16:43:10.310: [INFO][Sync] Stopped: Passwords
2025-07-02 16:43:10.310: [INFO][Sync] Stopped: Autofill Profiles
2025-07-02 16:43:10.310: [INFO][Sync] Stopped: Autofill
2025-07-02 16:43:10.310: [INFO][Sync] Stopped: Extensions
2025-07-02 16:43:10.310: [INFO][Sync] Stopped: Sessions
2025-07-02 16:43:10.310: [INFO][Sync] Stopped: Extension settings
2025-07-02 16:43:10.310: [INFO][Sync] Stopped: History Delete Directives
2025-07-02 16:43:10.310: [INFO][Sync] Stopped: Device Info
2025-07-02 16:43:10.310: [INFO][Sync] Stopped: User Consents
2025-07-02 16:43:10.310: [INFO][Sync] Stopped: Send Tab To Self
2025-07-02 16:43:10.310: [INFO][Sync] Stopped: Web Apps
2025-07-02 16:43:10.310: [INFO][Sync] Stopped: History
2025-07-02 16:43:10.310: [INFO][Sync] Stopped: Saved Tab Group
2025-07-02 16:43:10.310: [INFO][Sync] Stopped: WebAuthn Credentials
2025-07-02 16:43:10.310: [INFO][Sync] Stopped: Collection
2025-07-02 16:43:10.310: [INFO][Sync] Stopped: Edge E Drop
2025-07-02 16:43:10.310: [INFO][Sync] Stopped: Edge Hub App Usage
2025-07-02 16:43:10.310: [INFO][Sync] Stopped: Edge Wallet
2025-07-02 16:44:27.210: [INFO][Sync] Reset engine, reason: 0
2025-07-02 16:48:36.804: [INFO][Sync] Reset engine, reason: 8
2025-07-02 16:48:36.804: [INFO][Sync] Stopped: Bookmarks
2025-07-02 16:48:36.804: [INFO][Sync] Stopped: Preferences
2025-07-02 16:48:36.804: [INFO][Sync] Stopped: Passwords
2025-07-02 16:48:36.804: [INFO][Sync] Stopped: Autofill Profiles
2025-07-02 16:48:36.804: [INFO][Sync] Stopped: Autofill
2025-07-02 16:48:36.804: [INFO][Sync] Stopped: Extensions
2025-07-02 16:48:36.804: [INFO][Sync] Stopped: Sessions
2025-07-02 16:48:36.804: [INFO][Sync] Stopped: Extension settings
2025-07-02 16:48:36.804: [INFO][Sync] Stopped: History Delete Directives
2025-07-02 16:48:36.804: [INFO][Sync] Stopped: Device Info
2025-07-02 16:48:36.804: [INFO][Sync] Stopped: User Consents
2025-07-02 16:48:36.804: [INFO][Sync] Stopped: Send Tab To Self
2025-07-02 16:48:36.804: [INFO][Sync] Stopped: Web Apps
2025-07-02 16:48:36.804: [INFO][Sync] Stopped: History
2025-07-02 16:48:36.804: [INFO][Sync] Stopped: Saved Tab Group
2025-07-02 16:48:36.804: [INFO][Sync] Stopped: WebAuthn Credentials
2025-07-02 16:48:36.804: [INFO][Sync] Stopped: Collection
2025-07-02 16:48:36.804: [INFO][Sync] Stopped: Edge E Drop
2025-07-02 16:48:36.804: [INFO][Sync] Stopped: Edge Hub App Usage
2025-07-02 16:48:36.804: [INFO][Sync] Stopped: Edge Wallet
2025-07-02 16:48:36.805: [INFO][Sync] SyncState after authenticated was: NotSignedIn
2025-07-02 16:48:36.917: [INFO][Sync] Reset engine, reason: 8
2025-07-02 16:48:36.917: [INFO][Sync] Stopped: Bookmarks
2025-07-02 16:48:36.917: [INFO][Sync] Stopped: Preferences
2025-07-02 16:48:36.917: [INFO][Sync] Stopped: Passwords
2025-07-02 16:48:36.917: [INFO][Sync] Stopped: Autofill Profiles
2025-07-02 16:48:36.917: [INFO][Sync] Stopped: Autofill
2025-07-02 16:48:36.917: [INFO][Sync] Stopped: Extensions
2025-07-02 16:48:36.917: [INFO][Sync] Stopped: Sessions
2025-07-02 16:48:36.917: [INFO][Sync] Stopped: Extension settings
2025-07-02 16:48:36.917: [INFO][Sync] Stopped: History Delete Directives
2025-07-02 16:48:36.917: [INFO][Sync] Stopped: Device Info
2025-07-02 16:48:36.917: [INFO][Sync] Stopped: User Consents
2025-07-02 16:48:36.917: [INFO][Sync] Stopped: Send Tab To Self
2025-07-02 16:48:36.917: [INFO][Sync] Stopped: Web Apps
2025-07-02 16:48:36.917: [INFO][Sync] Stopped: History
2025-07-02 16:48:36.917: [INFO][Sync] Stopped: Saved Tab Group
2025-07-02 16:48:36.917: [INFO][Sync] Stopped: WebAuthn Credentials
2025-07-02 16:48:36.917: [INFO][Sync] Stopped: Collection
2025-07-02 16:48:36.917: [INFO][Sync] Stopped: Edge E Drop
2025-07-02 16:48:36.917: [INFO][Sync] Stopped: Edge Hub App Usage
2025-07-02 16:48:36.917: [INFO][Sync] Stopped: Edge Wallet
2025-07-02 16:49:43.237: [INFO][Sync] Reset engine, reason: 0
2025-07-31 22:23:21.008: [INFO][Sync] Reset engine, reason: 8
2025-07-31 22:23:21.008: [INFO][Sync] Stopped: Bookmarks
2025-07-31 22:23:21.008: [INFO][Sync] Stopped: Preferences
2025-07-31 22:23:21.008: [INFO][Sync] Stopped: Passwords
2025-07-31 22:23:21.008: [INFO][Sync] Stopped: Autofill Profiles
2025-07-31 22:23:21.008: [INFO][Sync] Stopped: Autofill
2025-07-31 22:23:21.008: [INFO][Sync] Stopped: Extensions
2025-07-31 22:23:21.008: [INFO][Sync] Stopped: Sessions
2025-07-31 22:23:21.008: [INFO][Sync] Stopped: Extension settings
2025-07-31 22:23:21.008: [INFO][Sync] Stopped: History Delete Directives
2025-07-31 22:23:21.008: [INFO][Sync] Stopped: Device Info
2025-07-31 22:23:21.008: [INFO][Sync] Stopped: User Consents
2025-07-31 22:23:21.008: [INFO][Sync] Stopped: Send Tab To Self
2025-07-31 22:23:21.008: [INFO][Sync] Stopped: Web Apps
2025-07-31 22:23:21.008: [INFO][Sync] Stopped: History
2025-07-31 22:23:21.008: [INFO][Sync] Stopped: Saved Tab Group
2025-07-31 22:23:21.008: [INFO][Sync] Stopped: WebAuthn Credentials
2025-07-31 22:23:21.008: [INFO][Sync] Stopped: Collection
2025-07-31 22:23:21.008: [INFO][Sync] Stopped: Edge E Drop
2025-07-31 22:23:21.008: [INFO][Sync] Stopped: Edge Hub App Usage
2025-07-31 22:23:21.008: [INFO][Sync] Stopped: Edge Wallet
2025-07-31 22:23:21.008: [INFO][Sync] SyncState after authenticated was: NotSignedIn
2025-07-31 22:23:21.118: [INFO][Sync] Reset engine, reason: 8
2025-07-31 22:23:21.118: [INFO][Sync] Stopped: Bookmarks
2025-07-31 22:23:21.118: [INFO][Sync] Stopped: Preferences
2025-07-31 22:23:21.118: [INFO][Sync] Stopped: Passwords
2025-07-31 22:23:21.118: [INFO][Sync] Stopped: Autofill Profiles
2025-07-31 22:23:21.118: [INFO][Sync] Stopped: Autofill
2025-07-31 22:23:21.118: [INFO][Sync] Stopped: Extensions
2025-07-31 22:23:21.118: [INFO][Sync] Stopped: Sessions
2025-07-31 22:23:21.118: [INFO][Sync] Stopped: Extension settings
2025-07-31 22:23:21.118: [INFO][Sync] Stopped: History Delete Directives
2025-07-31 22:23:21.118: [INFO][Sync] Stopped: Device Info
2025-07-31 22:23:21.118: [INFO][Sync] Stopped: User Consents
2025-07-31 22:23:21.118: [INFO][Sync] Stopped: Send Tab To Self
2025-07-31 22:23:21.118: [INFO][Sync] Stopped: Web Apps
2025-07-31 22:23:21.118: [INFO][Sync] Stopped: History
2025-07-31 22:23:21.118: [INFO][Sync] Stopped: Saved Tab Group
2025-07-31 22:23:21.118: [INFO][Sync] Stopped: WebAuthn Credentials
2025-07-31 22:23:21.118: [INFO][Sync] Stopped: Collection
2025-07-31 22:23:21.118: [INFO][Sync] Stopped: Edge E Drop
2025-07-31 22:23:21.118: [INFO][Sync] Stopped: Edge Hub App Usage
2025-07-31 22:23:21.118: [INFO][Sync] Stopped: Edge Wallet
2025-07-31 22:30:30.624: [INFO][Sync] Reset engine, reason: 0
2025-08-01 03:01:53.120: [INFO][Sync] Reset engine, reason: 8
2025-08-01 03:01:53.120: [INFO][Sync] Stopped: Bookmarks
2025-08-01 03:01:53.120: [INFO][Sync] Stopped: Preferences
2025-08-01 03:01:53.120: [INFO][Sync] Stopped: Passwords
2025-08-01 03:01:53.120: [INFO][Sync] Stopped: Autofill Profiles
2025-08-01 03:01:53.120: [INFO][Sync] Stopped: Autofill
2025-08-01 03:01:53.120: [INFO][Sync] Stopped: Extensions
2025-08-01 03:01:53.120: [INFO][Sync] Stopped: Sessions
2025-08-01 03:01:53.120: [INFO][Sync] Stopped: Extension settings
2025-08-01 03:01:53.120: [INFO][Sync] Stopped: History Delete Directives
2025-08-01 03:01:53.120: [INFO][Sync] Stopped: Device Info
2025-08-01 03:01:53.120: [INFO][Sync] Stopped: User Consents
2025-08-01 03:01:53.120: [INFO][Sync] Stopped: Send Tab To Self
2025-08-01 03:01:53.120: [INFO][Sync] Stopped: Web Apps
2025-08-01 03:01:53.120: [INFO][Sync] Stopped: History
2025-08-01 03:01:53.120: [INFO][Sync] Stopped: Saved Tab Group
2025-08-01 03:01:53.120: [INFO][Sync] Stopped: WebAuthn Credentials
2025-08-01 03:01:53.120: [INFO][Sync] Stopped: Collection
2025-08-01 03:01:53.120: [INFO][Sync] Stopped: Edge E Drop
2025-08-01 03:01:53.120: [INFO][Sync] Stopped: Edge Hub App Usage
2025-08-01 03:01:53.120: [INFO][Sync] Stopped: Edge Wallet
2025-08-01 03:01:53.120: [INFO][Sync] SyncState after authenticated was: NotSignedIn
2025-08-01 03:01:53.251: [INFO][Sync] Reset engine, reason: 8
2025-08-01 03:01:53.251: [INFO][Sync] Stopped: Bookmarks
2025-08-01 03:01:53.251: [INFO][Sync] Stopped: Preferences
2025-08-01 03:01:53.251: [INFO][Sync] Stopped: Passwords
2025-08-01 03:01:53.251: [INFO][Sync] Stopped: Autofill Profiles
2025-08-01 03:01:53.251: [INFO][Sync] Stopped: Autofill
2025-08-01 03:01:53.251: [INFO][Sync] Stopped: Extensions
2025-08-01 03:01:53.251: [INFO][Sync] Stopped: Sessions
2025-08-01 03:01:53.251: [INFO][Sync] Stopped: Extension settings
2025-08-01 03:01:53.251: [INFO][Sync] Stopped: History Delete Directives
2025-08-01 03:01:53.251: [INFO][Sync] Stopped: Device Info
2025-08-01 03:01:53.251: [INFO][Sync] Stopped: User Consents
2025-08-01 03:01:53.251: [INFO][Sync] Stopped: Send Tab To Self
2025-08-01 03:01:53.251: [INFO][Sync] Stopped: Web Apps
2025-08-01 03:01:53.251: [INFO][Sync] Stopped: History
2025-08-01 03:01:53.251: [INFO][Sync] Stopped: Saved Tab Group
2025-08-01 03:01:53.251: [INFO][Sync] Stopped: WebAuthn Credentials
2025-08-01 03:01:53.251: [INFO][Sync] Stopped: Collection
2025-08-01 03:01:53.251: [INFO][Sync] Stopped: Edge E Drop
2025-08-01 03:01:53.251: [INFO][Sync] Stopped: Edge Hub App Usage
2025-08-01 03:01:53.251: [INFO][Sync] Stopped: Edge Wallet
2025-08-01 03:02:32.572: [INFO][Sync] Reset engine, reason: 0
